[    0.000000] Initializing cgroup subsys cpuset
[    0.000000] Initializing cgroup subsys cpu
[    0.000000] Initializing cgroup subsys cpuacct
[    0.000000] Linux version 4.4.0-24-generic (buildd@lgw01-12) (gcc version 5.3.1 20160413 (Ubuntu 5.3.1-14ubuntu2.1) ) #43-Ubuntu SMP Wed Jun 8 19:27:37 UTC 2016 (Ubuntu 4.4.0-24.43-generic 4.4.10)
[    0.000000] Command line: BOOT_IMAGE=/vmlinuz-4.4.0-24-generic root=/dev/mapper/slave--1--vg-root ro
[    0.000000] KERNEL supported cpus:
[    0.000000]   Intel GenuineIntel
[    0.000000]   AMD AuthenticAMD
[    0.000000]   Centaur CentaurHauls
[    0.000000] Disabled fast string operations
[    0.000000] x86/fpu: xstate_offset[2]:  576, xstate_sizes[2]:  256
[    0.000000] x86/fpu: Supporting XSAVE feature 0x01: 'x87 floating point registers'
[    0.000000] x86/fpu: Supporting XSAVE feature 0x02: 'SSE registers'
[    0.000000] x86/fpu: Supporting XSAVE feature 0x04: 'AVX registers'
[    0.000000] x86/fpu: Enabled xstate features 0x7, context size is 832 bytes, using 'standard' format.
[    0.000000] x86/fpu: Using 'eager' FPU context switches.
[    0.000000] e820: BIOS-provided physical RAM map:
[    0.000000] BIOS-e820: [mem 0x0000000000000000-0x000000000009f7ff] usable
[    0.000000] BIOS-e820: [mem 0x000000000009f800-0x000000000009ffff] reserved
[    0.000000] BIOS-e820: [mem 0x00000000000ca000-0x00000000000cbfff] reserved
[    0.000000] BIOS-e820: [mem 0x00000000000dc000-0x00000000000fffff] reserved
[    0.000000] BIOS-e820: [mem 0x0000000000100000-0x00000000bfedffff] usable
[    0.000000] BIOS-e820: [mem 0x00000000bfee0000-0x00000000bfefefff] ACPI data
[    0.000000] BIOS-e820: [mem 0x00000000bfeff000-0x00000000bfefffff] ACPI NVS
[    0.000000] BIOS-e820: [mem 0x00000000bff00000-0x00000000bfffffff] usable
[    0.000000] BIOS-e820: [mem 0x00000000e0000000-0x00000000efffffff] reserved
[    0.000000] BIOS-e820: [mem 0x00000000fec00000-0x00000000fec0ffff] reserved
[    0.000000] BIOS-e820: [mem 0x00000000fee00000-0x00000000fee00fff] reserved
[    0.000000] BIOS-e820: [mem 0x00000000fffe0000-0x00000000ffffffff] reserved
[    0.000000] BIOS-e820: [mem 0x0000000100000000-0x000000043fffffff] usable
[    0.000000] NX (Execute Disable) protection: active
[    0.000000] SMBIOS 2.4 present.
[    0.000000] DMI: VMware, Inc. VMware Virtual Platform/440BX Desktop Reference Platform, BIOS 6.00 06/22/2012
[    0.000000] Hypervisor detected: VMware
[    0.000000] e820: update [mem 0x00000000-0x00000fff] usable ==> reserved
[    0.000000] e820: remove [mem 0x000a0000-0x000fffff] usable
[    0.000000] e820: last_pfn = 0x440000 max_arch_pfn = 0x400000000
[    0.000000] MTRR default type: uncachable
[    0.000000] MTRR fixed ranges enabled:
[    0.000000]   00000-9FFFF write-back
[    0.000000]   A0000-BFFFF uncachable
[    0.000000]   C0000-CBFFF write-protect
[    0.000000]   CC000-EFFFF uncachable
[    0.000000]   F0000-FFFFF write-protect
[    0.000000] MTRR variable ranges enabled:
[    0.000000]   0 base 00C0000000 mask FFC0000000 uncachable
[    0.000000]   1 base 0000000000 mask FC00000000 write-back
[    0.000000]   2 base 0400000000 mask FFC0000000 write-back
[    0.000000]   3 disabled
[    0.000000]   4 disabled
[    0.000000]   5 disabled
[    0.000000]   6 disabled
[    0.000000]   7 disabled
[    0.000000] x86/PAT: PAT MSR is 0, disabled.
[    0.000000] original variable MTRRs
[    0.000000] reg 0, base: 3GB, range: 1GB, type UC
[    0.000000] reg 1, base: 0GB, range: 16GB, type WB
[    0.000000] reg 2, base: 16GB, range: 1GB, type WB
[    0.000000] total RAM covered: 16384M
[    0.000000] Found optimal setting for mtrr clean up
[    0.000000]  gran_size: 64K 	chunk_size: 64K 	num_reg: 5  	lose cover RAM: 0G
[    0.000000] New variable MTRRs
[    0.000000] reg 0, base: 0GB, range: 2GB, type WB
[    0.000000] reg 1, base: 2GB, range: 1GB, type WB
[    0.000000] reg 2, base: 4GB, range: 4GB, type WB
[    0.000000] reg 3, base: 8GB, range: 8GB, type WB
[    0.000000] reg 4, base: 16GB, range: 1GB, type WB
[    0.000000] e820: update [mem 0xc0000000-0xffffffff] usable ==> reserved
[    0.000000] e820: last_pfn = 0xc0000 max_arch_pfn = 0x400000000
[    0.000000] found SMP MP-table at [mem 0x000f6bf0-0x000f6bff] mapped at [ffff8800000f6bf0]
[    0.000000] Scanning 1 areas for low memory corruption
[    0.000000] Base memory trampoline at [ffff880000099000] 99000 size 24576
[    0.000000] BRK [0x021ff000, 0x021fffff] PGTABLE
[    0.000000] BRK [0x02200000, 0x02200fff] PGTABLE
[    0.000000] BRK [0x02201000, 0x02201fff] PGTABLE
[    0.000000] BRK [0x02202000, 0x02202fff] PGTABLE
[    0.000000] BRK [0x02203000, 0x02203fff] PGTABLE
[    0.000000] BRK [0x02204000, 0x02204fff] PGTABLE
[    0.000000] RAMDISK: [mem 0x33bd2000-0x35de0fff]
[    0.000000] ACPI: Early table checksum verification disabled
[    0.000000] ACPI: RSDP 0x00000000000F6B80 000024 (v02 PTLTD )
[    0.000000] ACPI: XSDT 0x00000000BFEEFF3C 00005C (v01 INTEL  440BX    06040000 VMW  01324272)
[    0.000000] ACPI: FACP 0x00000000BFEFEE98 0000F4 (v04 INTEL  440BX    06040000 PTL  000F4240)
[    0.000000] ACPI: DSDT 0x00000000BFEF0224 00EC74 (v01 PTLTD  Custom   06040000 MSFT 03000001)
[    0.000000] ACPI: FACS 0x00000000BFEFFFC0 000040
[    0.000000] ACPI: FACS 0x00000000BFEFFFC0 000040
[    0.000000] ACPI: BOOT 0x00000000BFEF01FC 000028 (v01 PTLTD  $SBFTBL$ 06040000  LTP 00000001)
[    0.000000] ACPI: APIC 0x00000000BFEF0182 00007A (v01 PTLTD  ? APIC   06040000  LTP 00000000)
[    0.000000] ACPI: MCFG 0x00000000BFEF0146 00003C (v01 PTLTD  $PCITBL$ 06040000  LTP 00000001)
[    0.000000] ACPI: SRAT 0x00000000BFEF005E 0000E8 (v02 VMWARE MEMPLUG  06040000 VMW  00000001)
[    0.000000] ACPI: HPET 0x00000000BFEF0026 000038 (v01 VMWARE VMW HPET 06040000 VMW  00000001)
[    0.000000] ACPI: WAET 0x00000000BFEEFFD8 000028 (v01 VMWARE VMW WAET 06040000 VMW  00000001)
[    0.000000] ACPI: Local APIC address 0xfee00000
[    0.000000] SRAT: PXM 0 -> APIC 0x00 -> Node 0
[    0.000000] SRAT: PXM 0 -> APIC 0x01 -> Node 0
[    0.000000] SRAT: PXM 0 -> APIC 0x02 -> Node 0
[    0.000000] SRAT: PXM 0 -> APIC 0x03 -> Node 0
[    0.000000] SRAT: Node 0 PXM 0 [mem 0x00000000-0x0009ffff]
[    0.000000] SRAT: Node 0 PXM 0 [mem 0x00100000-0xbfffffff]
[    0.000000] SRAT: Node 0 PXM 0 [mem 0x100000000-0x43fffffff]
[    0.000000] NUMA: Node 0 [mem 0x00000000-0x0009ffff] + [mem 0x00100000-0xbfffffff] -> [mem 0x00000000-0xbfffffff]
[    0.000000] NUMA: Node 0 [mem 0x00000000-0xbfffffff] + [mem 0x100000000-0x43fffffff] -> [mem 0x00000000-0x43fffffff]
[    0.000000] NODE_DATA(0) allocated [mem 0x43ffee000-0x43fff2fff]
[    0.000000] Zone ranges:
[    0.000000]   DMA      [mem 0x0000000000001000-0x0000000000ffffff]
[    0.000000]   DMA32    [mem 0x0000000001000000-0x00000000ffffffff]
[    0.000000]   Normal   [mem 0x0000000100000000-0x000000043fffffff]
[    0.000000]   Device   empty
[    0.000000] Movable zone start for each node
[    0.000000] Early memory node ranges
[    0.000000]   node   0: [mem 0x0000000000001000-0x000000000009efff]
[    0.000000]   node   0: [mem 0x0000000000100000-0x00000000bfedffff]
[    0.000000]   node   0: [mem 0x00000000bff00000-0x00000000bfffffff]
[    0.000000]   node   0: [mem 0x0000000100000000-0x000000043fffffff]
[    0.000000] Initmem setup node 0 [mem 0x0000000000001000-0x000000043fffffff]
[    0.000000] On node 0 totalpages: 4194174
[    0.000000]   DMA zone: 64 pages used for memmap
[    0.000000]   DMA zone: 21 pages reserved
[    0.000000]   DMA zone: 3998 pages, LIFO batch:0
[    0.000000]   DMA32 zone: 12224 pages used for memmap
[    0.000000]   DMA32 zone: 782304 pages, LIFO batch:31
[    0.000000]   Normal zone: 53248 pages used for memmap
[    0.000000]   Normal zone: 3407872 pages, LIFO batch:31
[    0.000000] ACPI: PM-Timer IO Port: 0x1008
[    0.000000] ACPI: Local APIC address 0xfee00000
[    0.000000] ACPI: LAPIC_NMI (acpi_id[0x00] high edge lint[0x1])
[    0.000000] ACPI: LAPIC_NMI (acpi_id[0x01] high edge lint[0x1])
[    0.000000] ACPI: LAPIC_NMI (acpi_id[0x02] high edge lint[0x1])
[    0.000000] ACPI: LAPIC_NMI (acpi_id[0x03] high edge lint[0x1])
[    0.000000] IOAPIC[0]: apic_id 4, version 17, address 0xfec00000, GSI 0-23
[    0.000000] ACPI: INT_SRC_OVR (bus 0 bus_irq 0 global_irq 2 high edge)
[    0.000000] ACPI: IRQ0 used by override.
[    0.000000] ACPI: IRQ9 used by override.
[    0.000000] Using ACPI (MADT) for SMP configuration information
[    0.000000] ACPI: HPET id: 0x8086af01 base: 0xfed00000
[    0.000000] smpboot: Allowing 4 CPUs, 0 hotplug CPUs
[    0.000000] PM: Registered nosave memory: [mem 0x00000000-0x00000fff]
[    0.000000] PM: Registered nosave memory: [mem 0x0009f000-0x0009ffff]
[    0.000000] PM: Registered nosave memory: [mem 0x000a0000-0x000c9fff]
[    0.000000] PM: Registered nosave memory: [mem 0x000ca000-0x000cbfff]
[    0.000000] PM: Registered nosave memory: [mem 0x000cc000-0x000dbfff]
[    0.000000] PM: Registered nosave memory: [mem 0x000dc000-0x000fffff]
[    0.000000] PM: Registered nosave memory: [mem 0xbfee0000-0xbfefefff]
[    0.000000] PM: Registered nosave memory: [mem 0xbfeff000-0xbfefffff]
[    0.000000] PM: Registered nosave memory: [mem 0xc0000000-0xdfffffff]
[    0.000000] PM: Registered nosave memory: [mem 0xe0000000-0xefffffff]
[    0.000000] PM: Registered nosave memory: [mem 0xf0000000-0xfebfffff]
[    0.000000] PM: Registered nosave memory: [mem 0xfec00000-0xfec0ffff]
[    0.000000] PM: Registered nosave memory: [mem 0xfec10000-0xfedfffff]
[    0.000000] PM: Registered nosave memory: [mem 0xfee00000-0xfee00fff]
[    0.000000] PM: Registered nosave memory: [mem 0xfee01000-0xfffdffff]
[    0.000000] PM: Registered nosave memory: [mem 0xfffe0000-0xffffffff]
[    0.000000] e820: [mem 0xc0000000-0xdfffffff] available for PCI devices
[    0.000000] Booting paravirtualized kernel on bare hardware
[    0.000000] clocksource: refined-jiffies: mask: 0xffffffff max_cycles: 0xffffffff, max_idle_ns: 7645519600211568 ns
[    0.000000] setup_percpu: NR_CPUS:256 nr_cpumask_bits:256 nr_cpu_ids:4 nr_node_ids:1
[    0.000000] PERCPU: Embedded 33 pages/cpu @ffff88043fc00000 s98008 r8192 d28968 u524288
[    0.000000] pcpu-alloc: s98008 r8192 d28968 u524288 alloc=1*2097152
[    0.000000] pcpu-alloc: [0] 0 1 2 3 
[    0.000000] Built 1 zonelists in Node order, mobility grouping on.  Total pages: 4128617
[    0.000000] Policy zone: Normal
[    0.000000] Kernel command line: BOOT_IMAGE=/vmlinuz-4.4.0-24-generic root=/dev/mapper/slave--1--vg-root ro
[    0.000000] PID hash table entries: 4096 (order: 3, 32768 bytes)
[    0.000000] Calgary: detecting Calgary via BIOS EBDA area
[    0.000000] Calgary: Unable to locate Rio Grande table in EBDA - bailing!
[    0.000000] Memory: 16394236K/16776696K available (8361K kernel code, 1278K rwdata, 3920K rodata, 1480K init, 1292K bss, 382460K reserved, 0K cma-reserved)
[    0.000000] SLUB: HWalign=64, Order=0-3, MinObjects=0, CPUs=4, Nodes=1
[    0.000000] Hierarchical RCU implementation.
[    0.000000] 	Build-time adjustment of leaf fanout to 64.
[    0.000000] 	RCU restricting CPUs from NR_CPUS=256 to nr_cpu_ids=4.
[    0.000000] RCU: Adjusting geometry for rcu_fanout_leaf=64, nr_cpu_ids=4
[    0.000000] NR_IRQS:16640 nr_irqs:456 16
[    0.000000] Console: colour VGA+ 80x25
[    0.000000] console [tty0] enabled
[    0.000000] clocksource: hpet: mask: 0xffffffff max_cycles: 0xffffffff, max_idle_ns: 133484882848 ns
[    0.000000] hpet clockevent registered
[    0.000000] TSC freq read from hypervisor : 2000.000 MHz
[    0.000000] tsc: Detected 2000.000 MHz processor
[    0.000083] Calibrating delay loop (skipped) preset value.. 4000.00 BogoMIPS (lpj=8000000)
[    0.000310] pid_max: default: 32768 minimum: 301
[    0.000438] ACPI: Core revision 20150930
[    0.012511] ACPI: 1 ACPI AML tables successfully acquired and loaded
[    0.012723] Security Framework initialized
[    0.012837] Yama: becoming mindful.
[    0.012977] AppArmor: AppArmor initialized
[    0.014905] Dentry cache hash table entries: 2097152 (order: 12, 16777216 bytes)
[    0.023570] Inode-cache hash table entries: 1048576 (order: 11, 8388608 bytes)
[    0.026979] Mount-cache hash table entries: 32768 (order: 6, 262144 bytes)
[    0.027140] Mountpoint-cache hash table entries: 32768 (order: 6, 262144 bytes)
[    0.027616] Initializing cgroup subsys io
[    0.027755] Initializing cgroup subsys memory
[    0.027877] Initializing cgroup subsys devices
[    0.027995] Initializing cgroup subsys freezer
[    0.028112] Initializing cgroup subsys net_cls
[    0.028230] Initializing cgroup subsys perf_event
[    0.028349] Initializing cgroup subsys net_prio
[    0.028466] Initializing cgroup subsys hugetlb
[    0.028585] Initializing cgroup subsys pids
[    0.028760] Disabled fast string operations
[    0.028877] CPU: Physical Processor ID: 0
[    0.028989] CPU: Processor Core ID: 0
[    0.029109] ENERGY_PERF_BIAS: Set to 'normal', was 'performance'
[    0.029239] ENERGY_PERF_BIAS: View and update with x86_energy_perf_policy(8)
[    0.029381] mce: CPU supports 0 MCE banks
[    0.029510] Last level iTLB entries: 4KB 512, 2MB 8, 4MB 8
[    0.029639] Last level dTLB entries: 4KB 512, 2MB 32, 4MB 32, 1GB 0
[    0.031232] Freeing SMP alternatives memory: 28K (ffffffff820b3000 - ffffffff820ba000)
[    0.044773] ftrace: allocating 31907 entries in 125 pages
[    0.081325] smpboot: Max logical packages: 2
[    0.081450] smpboot: APIC(0) Converting physical 0 to logical package 0
[    0.081583] smpboot: APIC(2) Converting physical 1 to logical package 1
[    0.082311] ..TIMER: vector=0x30 apic1=0 pin1=2 apic2=-1 pin2=-1
[    0.227812] smpboot: CPU0: Intel(R) Xeon(R) CPU E5-2620 0 @ 2.00GHz (family: 0x6, model: 0x2d, stepping: 0x7)
[    0.228150] Performance Events: 16-deep LBR, SandyBridge events, core PMU driver.
[    0.228437] core: CPUID marked event: 'cpu cycles' unavailable
[    0.228563] core: CPUID marked event: 'instructions' unavailable
[    0.228690] core: CPUID marked event: 'bus cycles' unavailable
[    0.228814] core: CPUID marked event: 'cache references' unavailable
[    0.228943] core: CPUID marked event: 'cache misses' unavailable
[    0.229096] core: CPUID marked event: 'branch instructions' unavailable
[    0.229228] core: CPUID marked event: 'branch misses' unavailable
[    0.229358] ... version:                1
[    0.229467] ... bit width:              48
[    0.229578] ... generic registers:      4
[    0.229688] ... value mask:             0000ffffffffffff
[    0.229809] ... max period:             000000007fffffff
[    0.229929] ... fixed-purpose events:   0
[    0.231708] ... event mask:             000000000000000f
[    0.232678] NMI watchdog: disabled (cpu0): hardware events not enabled
[    0.232819] NMI watchdog: Shutting down hard lockup detector on all cpus
[    0.233064] x86: Booting SMP configuration:
[    0.233185] .... node  #0, CPUs:      #1
[    0.234616] Disabled fast string operations
[    0.234633] mce: CPU supports 0 MCE banks
[    0.234811]  #2
[    0.236478] Disabled fast string operations
[    0.236494] mce: CPU supports 0 MCE banks
[    0.239907]  #3
[    0.239908] Disabled fast string operations
[    0.239924] mce: CPU supports 0 MCE banks
[    0.239970] Skipped synchronization checks as TSC is reliable.
[    0.240480] x86: Booted up 1 node, 4 CPUs
[    0.240595] smpboot: Total of 4 processors activated (16000.00 BogoMIPS)
[    0.241612] devtmpfs: initialized
[    0.246959] evm: security.selinux
[    0.247083] evm: security.SMACK64
[    0.247200] evm: security.SMACK64EXEC
[    0.247322] evm: security.SMACK64TRANSMUTE
[    0.247446] evm: security.SMACK64MMAP
[    0.247571] evm: security.ima
[    0.247676] evm: security.capability
[    0.247944] PM: Registering ACPI NVS region [mem 0xbfeff000-0xbfefffff] (4096 bytes)
[    0.248279] clocksource: jiffies: mask: 0xffffffff max_cycles: 0xffffffff, max_idle_ns: 7645041785100000 ns
[    0.248726] pinctrl core: initialized pinctrl subsystem
[    0.249110] RTC time:  7:16:06, date: 06/14/16
[    0.249472] NET: Registered protocol family 16
[    0.265023] cpuidle: using governor ladder
[    0.281036] cpuidle: using governor menu
[    0.281222] PCCT header not found.
[    0.281435] Simple Boot Flag at 0x36 set to 0x80
[    0.281629] ACPI: bus type PCI registered
[    0.281743] acpiphp: ACPI Hot Plug PCI Controller Driver version: 0.5
[    0.282132] PCI: MMCONFIG for domain 0000 [bus 00-ff] at [mem 0xe0000000-0xefffffff] (base 0xe0000000)
[    0.282377] PCI: MMCONFIG at [mem 0xe0000000-0xefffffff] reserved in E820
[    0.282529] PCI: Using configuration type 1 for base access
[    0.282966] core: PMU erratum BJ122, BV98, HSD29 workaround disabled, HT off
[    0.302079] ACPI: Added _OSI(Module Device)
[    0.302205] ACPI: Added _OSI(Processor Device)
[    0.302320] ACPI: Added _OSI(3.0 _SCP Extensions)
[    0.302437] ACPI: Added _OSI(Processor Aggregator Device)
[    0.310499] [Firmware Bug]: ACPI: BIOS _OSI(Linux) query ignored
[    0.313055] ACPI: Interpreter enabled
[    0.313177] ACPI Exception: AE_NOT_FOUND, While evaluating Sleep State [\_S2_] (20150930/hwxface-580)
[    0.313438] ACPI Exception: AE_NOT_FOUND, While evaluating Sleep State [\_S3_] (20150930/hwxface-580)
[    0.313703] ACPI: (supports S0 S1 S4 S5)
[    0.313816] ACPI: Using IOAPIC for interrupt routing
[    0.313967] PCI: Using host bridge windows from ACPI; if necessary, use "pci=nocrs" and report a bug
[    0.402730] ACPI: PCI Root Bridge [PCI0] (domain 0000 [bus 00-ff])
[    0.402883] acpi PNP0A03:00: _OSC: OS supports [ExtendedConfig ASPM ClockPM Segments MSI]
[    0.403282] acpi PNP0A03:00: _OSC: platform does not support [AER]
[    0.403613] acpi PNP0A03:00: _OSC: OS now controls [PCIeHotplug PME PCIeCapability]
[    0.405665] PCI host bridge to bus 0000:00
[    0.405784] pci_bus 0000:00: root bus resource [mem 0x000a0000-0x000bffff window]
[    0.405981] pci_bus 0000:00: root bus resource [mem 0x000cc000-0x000cffff window]
[    0.406178] pci_bus 0000:00: root bus resource [mem 0x000d0000-0x000d3fff window]
[    0.406374] pci_bus 0000:00: root bus resource [mem 0x000d4000-0x000d7fff window]
[    0.406570] pci_bus 0000:00: root bus resource [mem 0x000d8000-0x000dbfff window]
[    0.406766] pci_bus 0000:00: root bus resource [mem 0xc0000000-0xfebfffff window]
[    0.406962] pci_bus 0000:00: root bus resource [io  0x0000-0x0cf7 window]
[    0.407098] pci_bus 0000:00: root bus resource [io  0x0d00-0xfeff window]
[    0.407235] pci_bus 0000:00: root bus resource [bus 00-ff]
[    0.407425] pci 0000:00:00.0: [8086:7190] type 00 class 0x060000
[    0.408096] pci 0000:00:01.0: [8086:7191] type 01 class 0x060400
[    0.408652] pci 0000:00:07.0: [8086:7110] type 00 class 0x060100
[    0.409407] pci 0000:00:07.1: [8086:7111] type 00 class 0x01018a
[    0.411469] pci 0000:00:07.1: reg 0x20: [io  0x10c0-0x10cf]
[    0.412554] pci 0000:00:07.1: legacy IDE quirk: reg 0x10: [io  0x01f0-0x01f7]
[    0.412751] pci 0000:00:07.1: legacy IDE quirk: reg 0x14: [io  0x03f6]
[    0.412934] pci 0000:00:07.1: legacy IDE quirk: reg 0x18: [io  0x0170-0x0177]
[    0.413135] pci 0000:00:07.1: legacy IDE quirk: reg 0x1c: [io  0x0376]
[    0.413659] pci 0000:00:07.3: [8086:7113] type 00 class 0x068000
[    0.416930] pci 0000:00:07.3: quirk: [io  0x1000-0x103f] claimed by PIIX4 ACPI
[    0.417233] pci 0000:00:07.3: quirk: [io  0x1040-0x104f] claimed by PIIX4 SMB
[    0.417759] pci 0000:00:07.7: [15ad:0740] type 00 class 0x088000
[    0.418627] pci 0000:00:07.7: reg 0x10: [io  0x1080-0x10bf]
[    0.419325] pci 0000:00:07.7: reg 0x14: [mem 0xd0000000-0xd0001fff 64bit]
[    0.422632] pci 0000:00:0f.0: [15ad:0405] type 00 class 0x030000
[    0.425485] pci 0000:00:0f.0: reg 0x10: [io  0x10d0-0x10df]
[    0.427298] pci 0000:00:0f.0: reg 0x14: [mem 0xd8000000-0xdbffffff pref]
[    0.429054] pci 0000:00:0f.0: reg 0x18: [mem 0xd0800000-0xd0ffffff]
[    0.436076] pci 0000:00:0f.0: reg 0x30: [mem 0x00000000-0x00007fff pref]
[    0.436419] pci 0000:00:10.0: [1000:0030] type 00 class 0x010000
[    0.437395] pci 0000:00:10.0: reg 0x10: [io  0x1400-0x14ff]
[    0.438358] pci 0000:00:10.0: reg 0x14: [mem 0xd0040000-0xd005ffff 64bit]
[    0.439301] pci 0000:00:10.0: reg 0x1c: [mem 0xd0020000-0xd003ffff 64bit]
[    0.441239] pci 0000:00:10.0: reg 0x30: [mem 0x00000000-0x00003fff pref]
[    0.441571] pci 0000:00:11.0: [15ad:0790] type 01 class 0x060401
[    0.442169] pci 0000:00:11.0: System wakeup disabled by ACPI
[    0.442478] pci 0000:00:15.0: [15ad:07a0] type 01 class 0x060400
[    0.443172] pci 0000:00:15.0: PME# supported from D0 D3hot D3cold
[    0.443374] pci 0000:00:15.0: System wakeup disabled by ACPI
[    0.443647] pci 0000:00:15.1: [15ad:07a0] type 01 class 0x060400
[    0.444341] pci 0000:00:15.1: PME# supported from D0 D3hot D3cold
[    0.444543] pci 0000:00:15.1: System wakeup disabled by ACPI
[    0.444814] pci 0000:00:15.2: [15ad:07a0] type 01 class 0x060400
[    0.445513] pci 0000:00:15.2: PME# supported from D0 D3hot D3cold
[    0.445707] pci 0000:00:15.2: System wakeup disabled by ACPI
[    0.445979] pci 0000:00:15.3: [15ad:07a0] type 01 class 0x060400
[    0.446670] pci 0000:00:15.3: PME# supported from D0 D3hot D3cold
[    0.446873] pci 0000:00:15.3: System wakeup disabled by ACPI
[    0.447136] pci 0000:00:15.4: [15ad:07a0] type 01 class 0x060400
[    0.447839] pci 0000:00:15.4: PME# supported from D0 D3hot D3cold
[    0.448036] pci 0000:00:15.4: System wakeup disabled by ACPI
[    0.448300] pci 0000:00:15.5: [15ad:07a0] type 01 class 0x060400
[    0.449001] pci 0000:00:15.5: PME# supported from D0 D3hot D3cold
[    0.449198] pci 0000:00:15.5: System wakeup disabled by ACPI
[    0.449462] pci 0000:00:15.6: [15ad:07a0] type 01 class 0x060400
[    0.450155] pci 0000:00:15.6: PME# supported from D0 D3hot D3cold
[    0.450352] pci 0000:00:15.6: System wakeup disabled by ACPI
[    0.450624] pci 0000:00:15.7: [15ad:07a0] type 01 class 0x060400
[    0.451314] pci 0000:00:15.7: PME# supported from D0 D3hot D3cold
[    0.451509] pci 0000:00:15.7: System wakeup disabled by ACPI
[    0.451779] pci 0000:00:16.0: [15ad:07a0] type 01 class 0x060400
[    0.452478] pci 0000:00:16.0: PME# supported from D0 D3hot D3cold
[    0.452709] pci 0000:00:16.0: System wakeup disabled by ACPI
[    0.453618] pci 0000:00:16.1: [15ad:07a0] type 01 class 0x060400
[    0.454316] pci 0000:00:16.1: PME# supported from D0 D3hot D3cold
[    0.454510] pci 0000:00:16.1: System wakeup disabled by ACPI
[    0.454782] pci 0000:00:16.2: [15ad:07a0] type 01 class 0x060400
[    0.455469] pci 0000:00:16.2: PME# supported from D0 D3hot D3cold
[    0.455661] pci 0000:00:16.2: System wakeup disabled by ACPI
[    0.455932] pci 0000:00:16.3: [15ad:07a0] type 01 class 0x060400
[    0.456627] pci 0000:00:16.3: PME# supported from D0 D3hot D3cold
[    0.456825] pci 0000:00:16.3: System wakeup disabled by ACPI
[    0.457125] pci 0000:00:16.4: [15ad:07a0] type 01 class 0x060400
[    0.457825] pci 0000:00:16.4: PME# supported from D0 D3hot D3cold
[    0.458033] pci 0000:00:16.4: System wakeup disabled by ACPI
[    0.458299] pci 0000:00:16.5: [15ad:07a0] type 01 class 0x060400
[    0.458988] pci 0000:00:16.5: PME# supported from D0 D3hot D3cold
[    0.459181] pci 0000:00:16.5: System wakeup disabled by ACPI
[    0.459451] pci 0000:00:16.6: [15ad:07a0] type 01 class 0x060400
[    0.460143] pci 0000:00:16.6: PME# supported from D0 D3hot D3cold
[    0.460342] pci 0000:00:16.6: System wakeup disabled by ACPI
[    0.460617] pci 0000:00:16.7: [15ad:07a0] type 01 class 0x060400
[    0.461317] pci 0000:00:16.7: PME# supported from D0 D3hot D3cold
[    0.461511] pci 0000:00:16.7: System wakeup disabled by ACPI
[    0.461782] pci 0000:00:17.0: [15ad:07a0] type 01 class 0x060400
[    0.462465] pci 0000:00:17.0: PME# supported from D0 D3hot D3cold
[    0.462664] pci 0000:00:17.0: System wakeup disabled by ACPI
[    0.462933] pci 0000:00:17.1: [15ad:07a0] type 01 class 0x060400
[    0.463630] pci 0000:00:17.1: PME# supported from D0 D3hot D3cold
[    0.463827] pci 0000:00:17.1: System wakeup disabled by ACPI
[    0.464090] pci 0000:00:17.2: [15ad:07a0] type 01 class 0x060400
[    0.464794] pci 0000:00:17.2: PME# supported from D0 D3hot D3cold
[    0.465002] pci 0000:00:17.2: System wakeup disabled by ACPI
[    0.465273] pci 0000:00:17.3: [15ad:07a0] type 01 class 0x060400
[    0.465958] pci 0000:00:17.3: PME# supported from D0 D3hot D3cold
[    0.466156] pci 0000:00:17.3: System wakeup disabled by ACPI
[    0.466427] pci 0000:00:17.4: [15ad:07a0] type 01 class 0x060400
[    0.467134] pci 0000:00:17.4: PME# supported from D0 D3hot D3cold
[    0.467334] pci 0000:00:17.4: System wakeup disabled by ACPI
[    0.467958] pci 0000:00:17.5: [15ad:07a0] type 01 class 0x060400
[    0.468644] pci 0000:00:17.5: PME# supported from D0 D3hot D3cold
[    0.468838] pci 0000:00:17.5: System wakeup disabled by ACPI
[    0.469121] pci 0000:00:17.6: [15ad:07a0] type 01 class 0x060400
[    0.469812] pci 0000:00:17.6: PME# supported from D0 D3hot D3cold
[    0.470006] pci 0000:00:17.6: System wakeup disabled by ACPI
[    0.470269] pci 0000:00:17.7: [15ad:07a0] type 01 class 0x060400
[    0.470966] pci 0000:00:17.7: PME# supported from D0 D3hot D3cold
[    0.471164] pci 0000:00:17.7: System wakeup disabled by ACPI
[    0.471430] pci 0000:00:18.0: [15ad:07a0] type 01 class 0x060400
[    0.472136] pci 0000:00:18.0: PME# supported from D0 D3hot D3cold
[    0.472331] pci 0000:00:18.0: System wakeup disabled by ACPI
[    0.472602] pci 0000:00:18.1: [15ad:07a0] type 01 class 0x060400
[    0.473318] pci 0000:00:18.1: PME# supported from D0 D3hot D3cold
[    0.473519] pci 0000:00:18.1: System wakeup disabled by ACPI
[    0.473795] pci 0000:00:18.2: [15ad:07a0] type 01 class 0x060400
[    0.474481] pci 0000:00:18.2: PME# supported from D0 D3hot D3cold
[    0.474674] pci 0000:00:18.2: System wakeup disabled by ACPI
[    0.474943] pci 0000:00:18.3: [15ad:07a0] type 01 class 0x060400
[    0.475633] pci 0000:00:18.3: PME# supported from D0 D3hot D3cold
[    0.475831] pci 0000:00:18.3: System wakeup disabled by ACPI
[    0.476101] pci 0000:00:18.4: [15ad:07a0] type 01 class 0x060400
[    0.476783] pci 0000:00:18.4: PME# supported from D0 D3hot D3cold
[    0.476976] pci 0000:00:18.4: System wakeup disabled by ACPI
[    0.477252] pci 0000:00:18.5: [15ad:07a0] type 01 class 0x060400
[    0.477945] pci 0000:00:18.5: PME# supported from D0 D3hot D3cold
[    0.478138] pci 0000:00:18.5: System wakeup disabled by ACPI
[    0.478400] pci 0000:00:18.6: [15ad:07a0] type 01 class 0x060400
[    0.479078] pci 0000:00:18.6: PME# supported from D0 D3hot D3cold
[    0.479297] pci 0000:00:18.6: System wakeup disabled by ACPI
[    0.479563] pci 0000:00:18.7: [15ad:07a0] type 01 class 0x060400
[    0.480243] pci 0000:00:18.7: PME# supported from D0 D3hot D3cold
[    0.480439] pci 0000:00:18.7: System wakeup disabled by ACPI
[    0.481089] pci 0000:00:01.0: PCI bridge to [bus 01]
[    0.481697] acpiphp: Slot [32] registered
[    0.482238] acpiphp: Slot [33] registered
[    0.482373] acpiphp: Slot [34] registered
[    0.482507] acpiphp: Slot [35] registered
[    0.482641] acpiphp: Slot [36] registered
[    0.482777] acpiphp: Slot [37] registered
[    0.482912] acpiphp: Slot [38] registered
[    0.483045] acpiphp: Slot [39] registered
[    0.483179] acpiphp: Slot [40] registered
[    0.483313] acpiphp: Slot [41] registered
[    0.483448] acpiphp: Slot [42] registered
[    0.483584] acpiphp: Slot [43] registered
[    0.483719] acpiphp: Slot [44] registered
[    0.483854] acpiphp: Slot [45] registered
[    0.483988] acpiphp: Slot [46] registered
[    0.484121] acpiphp: Slot [47] registered
[    0.484255] acpiphp: Slot [48] registered
[    0.484389] acpiphp: Slot [49] registered
[    0.484529] acpiphp: Slot [50] registered
[    0.484664] acpiphp: Slot [51] registered
[    0.484797] acpiphp: Slot [52] registered
[    0.484931] acpiphp: Slot [53] registered
[    0.485079] acpiphp: Slot [54] registered
[    0.485214] acpiphp: Slot [55] registered
[    0.485348] acpiphp: Slot [56] registered
[    0.485484] acpiphp: Slot [57] registered
[    0.485618] acpiphp: Slot [58] registered
[    0.485753] acpiphp: Slot [59] registered
[    0.485886] acpiphp: Slot [60] registered
[    0.486020] acpiphp: Slot [61] registered
[    0.486154] acpiphp: Slot [62] registered
[    0.486288] acpiphp: Slot [63] registered
[    0.486485] pci 0000:02:00.0: [8086:100f] type 00 class 0x020000
[    0.487617] pci 0000:02:00.0: reg 0x10: [mem 0xd1020000-0xd103ffff 64bit]
[    0.488618] pci 0000:02:00.0: reg 0x18: [mem 0xd1000000-0xd100ffff 64bit]
[    0.489536] pci 0000:02:00.0: reg 0x20: [io  0x2000-0x203f]
[    0.491406] pci 0000:02:00.0: reg 0x30: [mem 0x00000000-0x0000ffff pref]
[    0.491635] pci 0000:02:00.0: PME# supported from D0 D3hot D3cold
[    0.491746] pci 0000:02:00.0: System wakeup disabled by ACPI
[    0.492217] pci 0000:00:11.0: PCI bridge to [bus 02] (subtractive decode)
[    0.492381] pci 0000:00:11.0:   bridge window [io  0x2000-0x3fff]
[    0.492404] pci 0000:00:11.0:   bridge window [mem 0xd1000000-0xd23fffff]
[    0.492445] pci 0000:00:11.0:   bridge window [mem 0xdc400000-0xdc9fffff 64bit pref]
[    0.492448] pci 0000:00:11.0:   bridge window [mem 0x000a0000-0x000bffff window] (subtractive decode)
[    0.492450] pci 0000:00:11.0:   bridge window [mem 0x000cc000-0x000cffff window] (subtractive decode)
[    0.492451] pci 0000:00:11.0:   bridge window [mem 0x000d0000-0x000d3fff window] (subtractive decode)
[    0.492453] pci 0000:00:11.0:   bridge window [mem 0x000d4000-0x000d7fff window] (subtractive decode)
[    0.492454] pci 0000:00:11.0:   bridge window [mem 0x000d8000-0x000dbfff window] (subtractive decode)
[    0.492456] pci 0000:00:11.0:   bridge window [mem 0xc0000000-0xfebfffff window] (subtractive decode)
[    0.492458] pci 0000:00:11.0:   bridge window [io  0x0000-0x0cf7 window] (subtractive decode)
[    0.492459] pci 0000:00:11.0:   bridge window [io  0x0d00-0xfeff window] (subtractive decode)
[    0.492804] pci 0000:00:15.0: PCI bridge to [bus 03]
[    0.492947] pci 0000:00:15.0:   bridge window [io  0x4000-0x4fff]
[    0.492969] pci 0000:00:15.0:   bridge window [mem 0xd2400000-0xd24fffff]
[    0.493023] pci 0000:00:15.0:   bridge window [mem 0xd4400000-0xd44fffff 64bit pref]
[    0.493381] pci 0000:00:15.1: PCI bridge to [bus 04]
[    0.493532] pci 0000:00:15.1:   bridge window [io  0x8000-0x8fff]
[    0.493554] pci 0000:00:15.1:   bridge window [mem 0xd2800000-0xd28fffff]
[    0.493600] pci 0000:00:15.1:   bridge window [mem 0xd4800000-0xd48fffff 64bit pref]
[    0.493946] pci 0000:00:15.2: PCI bridge to [bus 05]
[    0.494091] pci 0000:00:15.2:   bridge window [io  0xc000-0xcfff]
[    0.494112] pci 0000:00:15.2:   bridge window [mem 0xd2c00000-0xd2cfffff]
[    0.494164] pci 0000:00:15.2:   bridge window [mem 0xdcb00000-0xdcbfffff 64bit pref]
[    0.494506] pci 0000:00:15.3: PCI bridge to [bus 06]
[    0.494676] pci 0000:00:15.3:   bridge window [mem 0xd3000000-0xd30fffff]
[    0.494718] pci 0000:00:15.3:   bridge window [mem 0xdcd00000-0xdcdfffff 64bit pref]
[    0.495068] pci 0000:00:15.4: PCI bridge to [bus 07]
[    0.495234] pci 0000:00:15.4:   bridge window [mem 0xd3400000-0xd34fffff]
[    0.495277] pci 0000:00:15.4:   bridge window [mem 0xdcf00000-0xdcffffff 64bit pref]
[    0.495631] pci 0000:00:15.5: PCI bridge to [bus 08]
[    0.495796] pci 0000:00:15.5:   bridge window [mem 0xd3800000-0xd38fffff]
[    0.495837] pci 0000:00:15.5:   bridge window [mem 0xdd100000-0xdd1fffff 64bit pref]
[    0.496206] pci 0000:00:15.6: PCI bridge to [bus 09]
[    0.496616] pci 0000:00:15.6:   bridge window [mem 0xd3c00000-0xd3cfffff]
[    0.496658] pci 0000:00:15.6:   bridge window [mem 0xdd300000-0xdd3fffff 64bit pref]
[    0.497014] pci 0000:00:15.7: PCI bridge to [bus 0a]
[    0.497180] pci 0000:00:15.7:   bridge window [mem 0xd4000000-0xd40fffff]
[    0.497221] pci 0000:00:15.7:   bridge window [mem 0xdd500000-0xdd5fffff 64bit pref]
[    0.497574] pci 0000:00:16.0: PCI bridge to [bus 0b]
[    0.497731] pci 0000:00:16.0:   bridge window [io  0x5000-0x5fff]
[    0.497754] pci 0000:00:16.0:   bridge window [mem 0xd2500000-0xd25fffff]
[    0.497795] pci 0000:00:16.0:   bridge window [mem 0xd4500000-0xd45fffff 64bit pref]
[    0.498140] pci 0000:00:16.1: PCI bridge to [bus 0c]
[    0.498288] pci 0000:00:16.1:   bridge window [io  0x9000-0x9fff]
[    0.498310] pci 0000:00:16.1:   bridge window [mem 0xd2900000-0xd29fffff]
[    0.498351] pci 0000:00:16.1:   bridge window [mem 0xd4900000-0xd49fffff 64bit pref]
[    0.498697] pci 0000:00:16.2: PCI bridge to [bus 0d]
[    0.498845] pci 0000:00:16.2:   bridge window [io  0xd000-0xdfff]
[    0.498867] pci 0000:00:16.2:   bridge window [mem 0xd2d00000-0xd2dfffff]
[    0.498908] pci 0000:00:16.2:   bridge window [mem 0xd4b00000-0xd4bfffff 64bit pref]
[    0.499253] pci 0000:00:16.3: PCI bridge to [bus 0e]
[    0.499420] pci 0000:00:16.3:   bridge window [mem 0xd3100000-0xd31fffff]
[    0.499461] pci 0000:00:16.3:   bridge window [mem 0xd4d00000-0xd4dfffff 64bit pref]
[    0.499807] pci 0000:00:16.4: PCI bridge to [bus 0f]
[    0.499975] pci 0000:00:16.4:   bridge window [mem 0xd3500000-0xd35fffff]
[    0.500016] pci 0000:00:16.4:   bridge window [mem 0xd4f00000-0xd4ffffff 64bit pref]
[    0.500362] pci 0000:00:16.5: PCI bridge to [bus 10]
[    0.500529] pci 0000:00:16.5:   bridge window [mem 0xd3900000-0xd39fffff]
[    0.500570] pci 0000:00:16.5:   bridge window [mem 0xd5100000-0xd51fffff 64bit pref]
[    0.500916] pci 0000:00:16.6: PCI bridge to [bus 11]
[    0.501097] pci 0000:00:16.6:   bridge window [mem 0xd3d00000-0xd3dfffff]
[    0.501139] pci 0000:00:16.6:   bridge window [mem 0xd5300000-0xd53fffff 64bit pref]
[    0.501479] pci 0000:00:16.7: PCI bridge to [bus 12]
[    0.501640] pci 0000:00:16.7:   bridge window [mem 0xd4100000-0xd41fffff]
[    0.501681] pci 0000:00:16.7:   bridge window [mem 0xd5500000-0xd55fffff 64bit pref]
[    0.502016] pci 0000:00:17.0: PCI bridge to [bus 13]
[    0.502157] pci 0000:00:17.0:   bridge window [io  0x6000-0x6fff]
[    0.502179] pci 0000:00:17.0:   bridge window [mem 0xd2600000-0xd26fffff]
[    0.502219] pci 0000:00:17.0:   bridge window [mem 0xd4600000-0xd46fffff 64bit pref]
[    0.502556] pci 0000:00:17.1: PCI bridge to [bus 14]
[    0.502698] pci 0000:00:17.1:   bridge window [io  0xa000-0xafff]
[    0.502719] pci 0000:00:17.1:   bridge window [mem 0xd2a00000-0xd2afffff]
[    0.502760] pci 0000:00:17.1:   bridge window [mem 0xdca00000-0xdcafffff 64bit pref]
[    0.503097] pci 0000:00:17.2: PCI bridge to [bus 15]
[    0.503238] pci 0000:00:17.2:   bridge window [io  0xe000-0xefff]
[    0.503260] pci 0000:00:17.2:   bridge window [mem 0xd2e00000-0xd2efffff]
[    0.503301] pci 0000:00:17.2:   bridge window [mem 0xdcc00000-0xdccfffff 64bit pref]
[    0.503652] pci 0000:00:17.3: PCI bridge to [bus 16]
[    0.503813] pci 0000:00:17.3:   bridge window [mem 0xd3200000-0xd32fffff]
[    0.503855] pci 0000:00:17.3:   bridge window [mem 0xdce00000-0xdcefffff 64bit pref]
[    0.504218] pci 0000:00:17.4: PCI bridge to [bus 17]
[    0.504379] pci 0000:00:17.4:   bridge window [mem 0xd3600000-0xd36fffff]
[    0.504421] pci 0000:00:17.4:   bridge window [mem 0xdd000000-0xdd0fffff 64bit pref]
[    0.504759] pci 0000:00:17.5: PCI bridge to [bus 18]
[    0.504919] pci 0000:00:17.5:   bridge window [mem 0xd3a00000-0xd3afffff]
[    0.504960] pci 0000:00:17.5:   bridge window [mem 0xdd200000-0xdd2fffff 64bit pref]
[    0.505314] pci 0000:00:17.6: PCI bridge to [bus 19]
[    0.505475] pci 0000:00:17.6:   bridge window [mem 0xd3e00000-0xd3efffff]
[    0.505516] pci 0000:00:17.6:   bridge window [mem 0xdd400000-0xdd4fffff 64bit pref]
[    0.505853] pci 0000:00:17.7: PCI bridge to [bus 1a]
[    0.506013] pci 0000:00:17.7:   bridge window [mem 0xd4200000-0xd42fffff]
[    0.506054] pci 0000:00:17.7:   bridge window [mem 0xdd600000-0xdd6fffff 64bit pref]
[    0.506394] pci 0000:00:18.0: PCI bridge to [bus 1b]
[    0.506538] pci 0000:00:18.0:   bridge window [io  0x7000-0x7fff]
[    0.506560] pci 0000:00:18.0:   bridge window [mem 0xd2700000-0xd27fffff]
[    0.506600] pci 0000:00:18.0:   bridge window [mem 0xd4700000-0xd47fffff 64bit pref]
[    0.506936] pci 0000:00:18.1: PCI bridge to [bus 1c]
[    0.507078] pci 0000:00:18.1:   bridge window [io  0xb000-0xbfff]
[    0.507100] pci 0000:00:18.1:   bridge window [mem 0xd2b00000-0xd2bfffff]
[    0.507140] pci 0000:00:18.1:   bridge window [mem 0xd4a00000-0xd4afffff 64bit pref]
[    0.507483] pci 0000:00:18.2: PCI bridge to [bus 1d]
[    0.507624] pci 0000:00:18.2:   bridge window [io  0xf000-0xffff]
[    0.507646] pci 0000:00:18.2:   bridge window [mem 0xd2f00000-0xd2ffffff]
[    0.507687] pci 0000:00:18.2:   bridge window [mem 0xd4c00000-0xd4cfffff 64bit pref]
[    0.508024] pci 0000:00:18.3: PCI bridge to [bus 1e]
[    0.509791] pci 0000:00:18.3:   bridge window [mem 0xd3300000-0xd33fffff]
[    0.509832] pci 0000:00:18.3:   bridge window [mem 0xd4e00000-0xd4efffff 64bit pref]
[    0.510173] pci 0000:00:18.4: PCI bridge to [bus 1f]
[    0.510961] pci 0000:00:18.4:   bridge window [mem 0xd3700000-0xd37fffff]
[    0.511003] pci 0000:00:18.4:   bridge window [mem 0xd5000000-0xd50fffff 64bit pref]
[    0.511345] pci 0000:00:18.5: PCI bridge to [bus 20]
[    0.511508] pci 0000:00:18.5:   bridge window [mem 0xd3b00000-0xd3bfffff]
[    0.511549] pci 0000:00:18.5:   bridge window [mem 0xd5200000-0xd52fffff 64bit pref]
[    0.511905] pci 0000:00:18.6: PCI bridge to [bus 21]
[    0.512066] pci 0000:00:18.6:   bridge window [mem 0xd3f00000-0xd3ffffff]
[    0.512106] pci 0000:00:18.6:   bridge window [mem 0xd5400000-0xd54fffff 64bit pref]
[    0.512451] pci 0000:00:18.7: PCI bridge to [bus 22]
[    0.512612] pci 0000:00:18.7:   bridge window [mem 0xd4300000-0xd43fffff]
[    0.512653] pci 0000:00:18.7:   bridge window [mem 0xd5600000-0xd56fffff 64bit pref]
[    0.515145] ACPI: PCI Interrupt Link [LNKA] (IRQs 3 4 5 6 7 *9 10 11 14 15)
[    0.515679] ACPI: PCI Interrupt Link [LNKB] (IRQs 3 4 5 6 7 9 10 *11 14 15)
[    0.516192] ACPI: PCI Interrupt Link [LNKC] (IRQs 3 4 5 6 7 9 *10 11 14 15)
[    0.516704] ACPI: PCI Interrupt Link [LNKD] (IRQs 3 4 5 6 7 9 10 11 14 15) *0, disabled.
[    0.533408] ACPI: Enabled 2 GPEs in block 00 to 0F
[    0.533835] vgaarb: setting as boot device: PCI:0000:00:0f.0
[    0.534142] vgaarb: device added: PCI:0000:00:0f.0,decodes=io+mem,owns=io+mem,locks=none
[    0.534511] vgaarb: loaded
[    0.534646] vgaarb: bridge control possible 0000:00:0f.0
[    0.535100] SCSI subsystem initialized
[    0.535330] libata version 3.00 loaded.
[    0.535359] ACPI: bus type USB registered
[    0.535497] usbcore: registered new interface driver usbfs
[    0.535629] usbcore: registered new interface driver hub
[    0.535789] usbcore: registered new device driver usb
[    0.536170] PCI: Using ACPI for IRQ routing
[    0.603786] PCI: pci_cache_line_size set to 64 bytes
[    0.603813] pci 0000:00:18.2: can't claim BAR 13 [io  0xf000-0xffff]: no compatible bridge window
[    0.604032] pci 0000:00:18.2: [io  0xf000-0xffff] clipped to [io  0xf000-0xfeff]
[    0.604047] pci 0000:00:18.2:   bridge window [io  0xf000-0xfeff]
[    0.605130] e820: reserve RAM buffer [mem 0x0009f800-0x0009ffff]
[    0.605134] e820: reserve RAM buffer [mem 0xbfee0000-0xbfffffff]
[    0.605337] NetLabel: Initializing
[    0.605446] NetLabel:  domain hash size = 128
[    0.605560] NetLabel:  protocols = UNLABELED CIPSOv4
[    0.605691] NetLabel:  unlabeled traffic allowed by default
[    0.606028] hpet0: at MMIO 0xfed00000, IRQs 2, 8, 0, 0, 0, 0, 0, 0, 0, 0, 0, 0, 0, 0, 0, 0
[    0.606653] hpet0: 16 comparators, 64-bit 14.318180 MHz counter
[    0.609938] clocksource: Switched to clocksource hpet
[    0.617976] AppArmor: AppArmor Filesystem Enabled
[    0.618194] pnp: PnP ACPI init
[    0.618550] system 00:00: [io  0x1000-0x103f] could not be reserved
[    0.618686] system 00:00: [io  0x1040-0x104f] has been reserved
[    0.618815] system 00:00: [io  0x0cf0-0x0cf1] has been reserved
[    0.618945] system 00:00: Plug and Play ACPI device, IDs PNP0c02 (active)
[    0.618981] pnp 00:01: Plug and Play ACPI device, IDs PNP0b00 (active)
[    0.619008] pnp 00:02: Plug and Play ACPI device, IDs PNP0303 (active)
[    0.619032] pnp 00:03: Plug and Play ACPI device, IDs PNP0f13 (active)
[    0.619305] system 00:04: [mem 0xfed00000-0xfed003ff] has been reserved
[    0.619444] system 00:04: Plug and Play ACPI device, IDs PNP0103 PNP0c01 (active)
[    0.626855] pnp 00:05: Plug and Play ACPI device, IDs PNP0400 (active)
[    0.634745] pnp 00:06: Plug and Play ACPI device, IDs PNP0501 (active)
[    0.641474] pnp 00:07: Plug and Play ACPI device, IDs PNP0501 (active)
[    0.648733] pnp 00:08: [dma 2]
[    0.650213] pnp 00:08: Plug and Play ACPI device, IDs PNP0700 (active)
[    0.650492] system 00:09: [io  0x1060-0x107f] has been reserved
[    0.650638] system 00:09: [mem 0xe0000000-0xefffffff] has been reserved
[    0.650772] system 00:09: [mem 0xd0200000-0xd03fffff] has been reserved
[    0.650907] system 00:09: Plug and Play ACPI device, IDs PNP0c02 (active)
[    0.655689] pnp: PnP ACPI: found 10 devices
[    0.664969] clocksource: acpi_pm: mask: 0xffffff max_cycles: 0xffffff, max_idle_ns: 2085701024 ns
[    0.665533] pci 0000:00:15.3: bridge window [io  0x1000-0x0fff] to [bus 06] add_size 1000
[    0.665595] pci 0000:00:15.4: bridge window [io  0x1000-0x0fff] to [bus 07] add_size 1000
[    0.665658] pci 0000:00:15.5: bridge window [io  0x1000-0x0fff] to [bus 08] add_size 1000
[    0.665720] pci 0000:00:15.6: bridge window [io  0x1000-0x0fff] to [bus 09] add_size 1000
[    0.665782] pci 0000:00:15.7: bridge window [io  0x1000-0x0fff] to [bus 0a] add_size 1000
[    0.666039] pci 0000:00:16.3: bridge window [io  0x1000-0x0fff] to [bus 0e] add_size 1000
[    0.666101] pci 0000:00:16.4: bridge window [io  0x1000-0x0fff] to [bus 0f] add_size 1000
[    0.666163] pci 0000:00:16.5: bridge window [io  0x1000-0x0fff] to [bus 10] add_size 1000
[    0.666233] pci 0000:00:16.6: bridge window [io  0x1000-0x0fff] to [bus 11] add_size 1000
[    0.666299] pci 0000:00:16.7: bridge window [io  0x1000-0x0fff] to [bus 12] add_size 1000
[    0.666533] pci 0000:00:17.3: bridge window [io  0x1000-0x0fff] to [bus 16] add_size 1000
[    0.666594] pci 0000:00:17.4: bridge window [io  0x1000-0x0fff] to [bus 17] add_size 1000
[    0.666655] pci 0000:00:17.5: bridge window [io  0x1000-0x0fff] to [bus 18] add_size 1000
[    0.666717] pci 0000:00:17.6: bridge window [io  0x1000-0x0fff] to [bus 19] add_size 1000
[    0.666777] pci 0000:00:17.7: bridge window [io  0x1000-0x0fff] to [bus 1a] add_size 1000
[    0.667012] pci 0000:00:18.3: bridge window [io  0x1000-0x0fff] to [bus 1e] add_size 1000
[    0.667073] pci 0000:00:18.4: bridge window [io  0x1000-0x0fff] to [bus 1f] add_size 1000
[    0.667133] pci 0000:00:18.5: bridge window [io  0x1000-0x0fff] to [bus 20] add_size 1000
[    0.667194] pci 0000:00:18.6: bridge window [io  0x1000-0x0fff] to [bus 21] add_size 1000
[    0.667254] pci 0000:00:18.7: bridge window [io  0x1000-0x0fff] to [bus 22] add_size 1000
[    0.667270] pci 0000:00:15.3: res[13]=[io  0x1000-0x0fff] res_to_dev_res add_size 1000 min_align 1000
[    0.667271] pci 0000:00:15.3: res[13]=[io  0x1000-0x1fff] res_to_dev_res add_size 1000 min_align 1000
[    0.667273] pci 0000:00:15.4: res[13]=[io  0x1000-0x0fff] res_to_dev_res add_size 1000 min_align 1000
[    0.667275] pci 0000:00:15.4: res[13]=[io  0x1000-0x1fff] res_to_dev_res add_size 1000 min_align 1000
[    0.667277] pci 0000:00:15.5: res[13]=[io  0x1000-0x0fff] res_to_dev_res add_size 1000 min_align 1000
[    0.667278] pci 0000:00:15.5: res[13]=[io  0x1000-0x1fff] res_to_dev_res add_size 1000 min_align 1000
[    0.667280] pci 0000:00:15.6: res[13]=[io  0x1000-0x0fff] res_to_dev_res add_size 1000 min_align 1000
[    0.667282] pci 0000:00:15.6: res[13]=[io  0x1000-0x1fff] res_to_dev_res add_size 1000 min_align 1000
[    0.667283] pci 0000:00:15.7: res[13]=[io  0x1000-0x0fff] res_to_dev_res add_size 1000 min_align 1000
[    0.667285] pci 0000:00:15.7: res[13]=[io  0x1000-0x1fff] res_to_dev_res add_size 1000 min_align 1000
[    0.667287] pci 0000:00:16.3: res[13]=[io  0x1000-0x0fff] res_to_dev_res add_size 1000 min_align 1000
[    0.667288] pci 0000:00:16.3: res[13]=[io  0x1000-0x1fff] res_to_dev_res add_size 1000 min_align 1000
[    0.667290] pci 0000:00:16.4: res[13]=[io  0x1000-0x0fff] res_to_dev_res add_size 1000 min_align 1000
[    0.667292] pci 0000:00:16.4: res[13]=[io  0x1000-0x1fff] res_to_dev_res add_size 1000 min_align 1000
[    0.667293] pci 0000:00:16.5: res[13]=[io  0x1000-0x0fff] res_to_dev_res add_size 1000 min_align 1000
[    0.667295] pci 0000:00:16.5: res[13]=[io  0x1000-0x1fff] res_to_dev_res add_size 1000 min_align 1000
[    0.667297] pci 0000:00:16.6: res[13]=[io  0x1000-0x0fff] res_to_dev_res add_size 1000 min_align 1000
[    0.667298] pci 0000:00:16.6: res[13]=[io  0x1000-0x1fff] res_to_dev_res add_size 1000 min_align 1000
[    0.667300] pci 0000:00:16.7: res[13]=[io  0x1000-0x0fff] res_to_dev_res add_size 1000 min_align 1000
[    0.667301] pci 0000:00:16.7: res[13]=[io  0x1000-0x1fff] res_to_dev_res add_size 1000 min_align 1000
[    0.667303] pci 0000:00:17.3: res[13]=[io  0x1000-0x0fff] res_to_dev_res add_size 1000 min_align 1000
[    0.667305] pci 0000:00:17.3: res[13]=[io  0x1000-0x1fff] res_to_dev_res add_size 1000 min_align 1000
[    0.667306] pci 0000:00:17.4: res[13]=[io  0x1000-0x0fff] res_to_dev_res add_size 1000 min_align 1000
[    0.667308] pci 0000:00:17.4: res[13]=[io  0x1000-0x1fff] res_to_dev_res add_size 1000 min_align 1000
[    0.667310] pci 0000:00:17.5: res[13]=[io  0x1000-0x0fff] res_to_dev_res add_size 1000 min_align 1000
[    0.667311] pci 0000:00:17.5: res[13]=[io  0x1000-0x1fff] res_to_dev_res add_size 1000 min_align 1000
[    0.667313] pci 0000:00:17.6: res[13]=[io  0x1000-0x0fff] res_to_dev_res add_size 1000 min_align 1000
[    0.667314] pci 0000:00:17.6: res[13]=[io  0x1000-0x1fff] res_to_dev_res add_size 1000 min_align 1000
[    0.667316] pci 0000:00:17.7: res[13]=[io  0x1000-0x0fff] res_to_dev_res add_size 1000 min_align 1000
[    0.667318] pci 0000:00:17.7: res[13]=[io  0x1000-0x1fff] res_to_dev_res add_size 1000 min_align 1000
[    0.667319] pci 0000:00:18.3: res[13]=[io  0x1000-0x0fff] res_to_dev_res add_size 1000 min_align 1000
[    0.667321] pci 0000:00:18.3: res[13]=[io  0x1000-0x1fff] res_to_dev_res add_size 1000 min_align 1000
[    0.667323] pci 0000:00:18.4: res[13]=[io  0x1000-0x0fff] res_to_dev_res add_size 1000 min_align 1000
[    0.667324] pci 0000:00:18.4: res[13]=[io  0x1000-0x1fff] res_to_dev_res add_size 1000 min_align 1000
[    0.667326] pci 0000:00:18.5: res[13]=[io  0x1000-0x0fff] res_to_dev_res add_size 1000 min_align 1000
[    0.667328] pci 0000:00:18.5: res[13]=[io  0x1000-0x1fff] res_to_dev_res add_size 1000 min_align 1000
[    0.667329] pci 0000:00:18.6: res[13]=[io  0x1000-0x0fff] res_to_dev_res add_size 1000 min_align 1000
[    0.667331] pci 0000:00:18.6: res[13]=[io  0x1000-0x1fff] res_to_dev_res add_size 1000 min_align 1000
[    0.667333] pci 0000:00:18.7: res[13]=[io  0x1000-0x0fff] res_to_dev_res add_size 1000 min_align 1000
[    0.667334] pci 0000:00:18.7: res[13]=[io  0x1000-0x1fff] res_to_dev_res add_size 1000 min_align 1000
[    0.667341] pci 0000:00:0f.0: BAR 6: assigned [mem 0xc0000000-0xc0007fff pref]
[    0.667552] pci 0000:00:10.0: BAR 6: assigned [mem 0xc0008000-0xc000bfff pref]
[    0.667747] pci 0000:00:15.3: BAR 13: no space for [io  size 0x1000]
[    0.667878] pci 0000:00:15.3: BAR 13: failed to assign [io  size 0x1000]
[    0.668013] pci 0000:00:15.4: BAR 13: no space for [io  size 0x1000]
[    0.668143] pci 0000:00:15.4: BAR 13: failed to assign [io  size 0x1000]
[    0.668280] pci 0000:00:15.5: BAR 13: no space for [io  size 0x1000]
[    0.668411] pci 0000:00:15.5: BAR 13: failed to assign [io  size 0x1000]
[    0.668546] pci 0000:00:15.6: BAR 13: no space for [io  size 0x1000]
[    0.668676] pci 0000:00:15.6: BAR 13: failed to assign [io  size 0x1000]
[    0.669636] pci 0000:00:15.7: BAR 13: no space for [io  size 0x1000]
[    0.669767] pci 0000:00:15.7: BAR 13: failed to assign [io  size 0x1000]
[    0.669901] pci 0000:00:16.3: BAR 13: no space for [io  size 0x1000]
[    0.670051] pci 0000:00:16.3: BAR 13: failed to assign [io  size 0x1000]
[    0.670186] pci 0000:00:16.4: BAR 13: no space for [io  size 0x1000]
[    0.670317] pci 0000:00:16.4: BAR 13: failed to assign [io  size 0x1000]
[    0.670452] pci 0000:00:16.5: BAR 13: no space for [io  size 0x1000]
[    0.670582] pci 0000:00:16.5: BAR 13: failed to assign [io  size 0x1000]
[    0.670716] pci 0000:00:16.6: BAR 13: no space for [io  size 0x1000]
[    0.670847] pci 0000:00:16.6: BAR 13: failed to assign [io  size 0x1000]
[    0.670981] pci 0000:00:16.7: BAR 13: no space for [io  size 0x1000]
[    0.671110] pci 0000:00:16.7: BAR 13: failed to assign [io  size 0x1000]
[    0.671245] pci 0000:00:17.3: BAR 13: no space for [io  size 0x1000]
[    0.671374] pci 0000:00:17.3: BAR 13: failed to assign [io  size 0x1000]
[    0.671508] pci 0000:00:17.4: BAR 13: no space for [io  size 0x1000]
[    0.671638] pci 0000:00:17.4: BAR 13: failed to assign [io  size 0x1000]
[    0.671772] pci 0000:00:17.5: BAR 13: no space for [io  size 0x1000]
[    0.671902] pci 0000:00:17.5: BAR 13: failed to assign [io  size 0x1000]
[    0.672036] pci 0000:00:17.6: BAR 13: no space for [io  size 0x1000]
[    0.672167] pci 0000:00:17.6: BAR 13: failed to assign [io  size 0x1000]
[    0.672301] pci 0000:00:17.7: BAR 13: no space for [io  size 0x1000]
[    0.672434] pci 0000:00:17.7: BAR 13: failed to assign [io  size 0x1000]
[    0.672571] pci 0000:00:18.3: BAR 13: no space for [io  size 0x1000]
[    0.672702] pci 0000:00:18.3: BAR 13: failed to assign [io  size 0x1000]
[    0.672837] pci 0000:00:18.4: BAR 13: no space for [io  size 0x1000]
[    0.672967] pci 0000:00:18.4: BAR 13: failed to assign [io  size 0x1000]
[    0.673101] pci 0000:00:18.5: BAR 13: no space for [io  size 0x1000]
[    0.673232] pci 0000:00:18.5: BAR 13: failed to assign [io  size 0x1000]
[    0.673366] pci 0000:00:18.6: BAR 13: no space for [io  size 0x1000]
[    0.673496] pci 0000:00:18.6: BAR 13: failed to assign [io  size 0x1000]
[    0.673631] pci 0000:00:18.7: BAR 13: no space for [io  size 0x1000]
[    0.673761] pci 0000:00:18.7: BAR 13: failed to assign [io  size 0x1000]
[    0.673899] pci 0000:00:18.7: BAR 13: no space for [io  size 0x1000]
[    0.674046] pci 0000:00:18.7: BAR 13: failed to assign [io  size 0x1000]
[    0.674182] pci 0000:00:18.6: BAR 13: no space for [io  size 0x1000]
[    0.674312] pci 0000:00:18.6: BAR 13: failed to assign [io  size 0x1000]
[    0.674447] pci 0000:00:18.5: BAR 13: no space for [io  size 0x1000]
[    0.674578] pci 0000:00:18.5: BAR 13: failed to assign [io  size 0x1000]
[    0.674712] pci 0000:00:18.4: BAR 13: no space for [io  size 0x1000]
[    0.674843] pci 0000:00:18.4: BAR 13: failed to assign [io  size 0x1000]
[    0.674977] pci 0000:00:18.3: BAR 13: no space for [io  size 0x1000]
[    0.675108] pci 0000:00:18.3: BAR 13: failed to assign [io  size 0x1000]
[    0.675242] pci 0000:00:17.7: BAR 13: no space for [io  size 0x1000]
[    0.675381] pci 0000:00:17.7: BAR 13: failed to assign [io  size 0x1000]
[    0.675528] pci 0000:00:17.6: BAR 13: no space for [io  size 0x1000]
[    0.675659] pci 0000:00:17.6: BAR 13: failed to assign [io  size 0x1000]
[    0.675794] pci 0000:00:17.5: BAR 13: no space for [io  size 0x1000]
[    0.675925] pci 0000:00:17.5: BAR 13: failed to assign [io  size 0x1000]
[    0.676061] pci 0000:00:17.4: BAR 13: no space for [io  size 0x1000]
[    0.676192] pci 0000:00:17.4: BAR 13: failed to assign [io  size 0x1000]
[    0.676326] pci 0000:00:17.3: BAR 13: no space for [io  size 0x1000]
[    0.676461] pci 0000:00:17.3: BAR 13: failed to assign [io  size 0x1000]
[    0.676595] pci 0000:00:16.7: BAR 13: no space for [io  size 0x1000]
[    0.676726] pci 0000:00:16.7: BAR 13: failed to assign [io  size 0x1000]
[    0.676861] pci 0000:00:16.6: BAR 13: no space for [io  size 0x1000]
[    0.676991] pci 0000:00:16.6: BAR 13: failed to assign [io  size 0x1000]
[    0.677125] pci 0000:00:16.5: BAR 13: no space for [io  size 0x1000]
[    0.677256] pci 0000:00:16.5: BAR 13: failed to assign [io  size 0x1000]
[    0.677391] pci 0000:00:16.4: BAR 13: no space for [io  size 0x1000]
[    0.677527] pci 0000:00:16.4: BAR 13: failed to assign [io  size 0x1000]
[    0.677662] pci 0000:00:16.3: BAR 13: no space for [io  size 0x1000]
[    0.677793] pci 0000:00:16.3: BAR 13: failed to assign [io  size 0x1000]
[    0.677928] pci 0000:00:15.7: BAR 13: no space for [io  size 0x1000]
[    0.678075] pci 0000:00:15.7: BAR 13: failed to assign [io  size 0x1000]
[    0.678211] pci 0000:00:15.6: BAR 13: no space for [io  size 0x1000]
[    0.678342] pci 0000:00:15.6: BAR 13: failed to assign [io  size 0x1000]
[    0.678476] pci 0000:00:15.5: BAR 13: no space for [io  size 0x1000]
[    0.678607] pci 0000:00:15.5: BAR 13: failed to assign [io  size 0x1000]
[    0.678748] pci 0000:00:15.4: BAR 13: no space for [io  size 0x1000]
[    0.678879] pci 0000:00:15.4: BAR 13: failed to assign [io  size 0x1000]
[    0.679013] pci 0000:00:15.3: BAR 13: no space for [io  size 0x1000]
[    0.679144] pci 0000:00:15.3: BAR 13: failed to assign [io  size 0x1000]
[    0.679279] pci 0000:00:01.0: PCI bridge to [bus 01]
[    0.679529] pci 0000:02:00.0: BAR 6: assigned [mem 0xd1010000-0xd101ffff pref]
[    0.679723] pci 0000:00:11.0: PCI bridge to [bus 02]
[    0.679854] pci 0000:00:11.0:   bridge window [io  0x2000-0x3fff]
[    0.680014] pci 0000:00:11.0:   bridge window [mem 0xd1000000-0xd23fffff]
[    0.680169] pci 0000:00:11.0:   bridge window [mem 0xdc400000-0xdc9fffff 64bit pref]
[    0.680407] pci 0000:00:15.0: PCI bridge to [bus 03]
[    0.680537] pci 0000:00:15.0:   bridge window [io  0x4000-0x4fff]
[    0.680696] pci 0000:00:15.0:   bridge window [mem 0xd2400000-0xd24fffff]
[    0.680850] pci 0000:00:15.0:   bridge window [mem 0xd4400000-0xd44fffff 64bit pref]
[    0.681128] pci 0000:00:15.1: PCI bridge to [bus 04]
[    0.681271] pci 0000:00:15.1:   bridge window [io  0x8000-0x8fff]
[    0.681431] pci 0000:00:15.1:   bridge window [mem 0xd2800000-0xd28fffff]
[    0.681586] pci 0000:00:15.1:   bridge window [mem 0xd4800000-0xd48fffff 64bit pref]
[    0.681844] pci 0000:00:15.2: PCI bridge to [bus 05]
[    0.682014] pci 0000:00:15.2:   bridge window [io  0xc000-0xcfff]
[    0.682186] pci 0000:00:15.2:   bridge window [mem 0xd2c00000-0xd2cfffff]
[    0.682347] pci 0000:00:15.2:   bridge window [mem 0xdcb00000-0xdcbfffff 64bit pref]
[    0.682609] pci 0000:00:15.3: PCI bridge to [bus 06]
[    0.682761] pci 0000:00:15.3:   bridge window [mem 0xd3000000-0xd30fffff]
[    0.682916] pci 0000:00:15.3:   bridge window [mem 0xdcd00000-0xdcdfffff 64bit pref]
[    0.683771] pci 0000:00:15.4: PCI bridge to [bus 07]
[    0.683935] pci 0000:00:15.4:   bridge window [mem 0xd3400000-0xd34fffff]
[    0.684097] pci 0000:00:15.4:   bridge window [mem 0xdcf00000-0xdcffffff 64bit pref]
[    0.684361] pci 0000:00:15.5: PCI bridge to [bus 08]
[    0.684528] pci 0000:00:15.5:   bridge window [mem 0xd3800000-0xd38fffff]
[    0.684688] pci 0000:00:15.5:   bridge window [mem 0xdd100000-0xdd1fffff 64bit pref]
[    0.684953] pci 0000:00:15.6: PCI bridge to [bus 09]
[    0.685120] pci 0000:00:15.6:   bridge window [mem 0xd3c00000-0xd3cfffff]
[    0.685276] pci 0000:00:15.6:   bridge window [mem 0xdd300000-0xdd3fffff 64bit pref]
[    0.685542] pci 0000:00:15.7: PCI bridge to [bus 0a]
[    0.685705] pci 0000:00:15.7:   bridge window [mem 0xd4000000-0xd40fffff]
[    0.685866] pci 0000:00:15.7:   bridge window [mem 0xdd500000-0xdd5fffff 64bit pref]
[    0.686149] pci 0000:00:16.0: PCI bridge to [bus 0b]
[    0.686283] pci 0000:00:16.0:   bridge window [io  0x5000-0x5fff]
[    0.686450] pci 0000:00:16.0:   bridge window [mem 0xd2500000-0xd25fffff]
[    0.686616] pci 0000:00:16.0:   bridge window [mem 0xd4500000-0xd45fffff 64bit pref]
[    0.686877] pci 0000:00:16.1: PCI bridge to [bus 0c]
[    0.687020] pci 0000:00:16.1:   bridge window [io  0x9000-0x9fff]
[    0.687199] pci 0000:00:16.1:   bridge window [mem 0xd2900000-0xd29fffff]
[    0.687356] pci 0000:00:16.1:   bridge window [mem 0xd4900000-0xd49fffff 64bit pref]
[    0.689324] pci 0000:00:16.2: PCI bridge to [bus 0d]
[    0.689467] pci 0000:00:16.2:   bridge window [io  0xd000-0xdfff]
[    0.689633] pci 0000:00:16.2:   bridge window [mem 0xd2d00000-0xd2dfffff]
[    0.689789] pci 0000:00:16.2:   bridge window [mem 0xd4b00000-0xd4bfffff 64bit pref]
[    0.690074] pci 0000:00:16.3: PCI bridge to [bus 0e]
[    0.690237] pci 0000:00:16.3:   bridge window [mem 0xd3100000-0xd31fffff]
[    0.690397] pci 0000:00:16.3:   bridge window [mem 0xd4d00000-0xd4dfffff 64bit pref]
[    0.690662] pci 0000:00:16.4: PCI bridge to [bus 0f]
[    0.690825] pci 0000:00:16.4:   bridge window [mem 0xd3500000-0xd35fffff]
[    0.690992] pci 0000:00:16.4:   bridge window [mem 0xd4f00000-0xd4ffffff 64bit pref]
[    0.691296] pci 0000:00:16.5: PCI bridge to [bus 10]
[    0.691466] pci 0000:00:16.5:   bridge window [mem 0xd3900000-0xd39fffff]
[    0.691623] pci 0000:00:16.5:   bridge window [mem 0xd5100000-0xd51fffff 64bit pref]
[    0.691873] pci 0000:00:16.6: PCI bridge to [bus 11]
[    0.692033] pci 0000:00:16.6:   bridge window [mem 0xd3d00000-0xd3dfffff]
[    0.692188] pci 0000:00:16.6:   bridge window [mem 0xd5300000-0xd53fffff 64bit pref]
[    0.692463] pci 0000:00:16.7: PCI bridge to [bus 12]
[    0.692625] pci 0000:00:16.7:   bridge window [mem 0xd4100000-0xd41fffff]
[    0.692782] pci 0000:00:16.7:   bridge window [mem 0xd5500000-0xd55fffff 64bit pref]
[    0.693032] pci 0000:00:17.0: PCI bridge to [bus 13]
[    0.693165] pci 0000:00:17.0:   bridge window [io  0x6000-0x6fff]
[    0.693324] pci 0000:00:17.0:   bridge window [mem 0xd2600000-0xd26fffff]
[    0.693482] pci 0000:00:17.0:   bridge window [mem 0xd4600000-0xd46fffff 64bit pref]
[    0.693730] pci 0000:00:17.1: PCI bridge to [bus 14]
[    0.693862] pci 0000:00:17.1:   bridge window [io  0xa000-0xafff]
[    0.694041] pci 0000:00:17.1:   bridge window [mem 0xd2a00000-0xd2afffff]
[    0.694197] pci 0000:00:17.1:   bridge window [mem 0xdca00000-0xdcafffff 64bit pref]
[    0.694446] pci 0000:00:17.2: PCI bridge to [bus 15]
[    0.694579] pci 0000:00:17.2:   bridge window [io  0xe000-0xefff]
[    0.694738] pci 0000:00:17.2:   bridge window [mem 0xd2e00000-0xd2efffff]
[    0.694893] pci 0000:00:17.2:   bridge window [mem 0xdcc00000-0xdccfffff 64bit pref]
[    0.695139] pci 0000:00:17.3: PCI bridge to [bus 16]
[    0.695291] pci 0000:00:17.3:   bridge window [mem 0xd3200000-0xd32fffff]
[    0.695446] pci 0000:00:17.3:   bridge window [mem 0xdce00000-0xdcefffff 64bit pref]
[    0.695691] pci 0000:00:17.4: PCI bridge to [bus 17]
[    0.695842] pci 0000:00:17.4:   bridge window [mem 0xd3600000-0xd36fffff]
[    0.695997] pci 0000:00:17.4:   bridge window [mem 0xdd000000-0xdd0fffff 64bit pref]
[    0.696244] pci 0000:00:17.5: PCI bridge to [bus 18]
[    0.696395] pci 0000:00:17.5:   bridge window [mem 0xd3a00000-0xd3afffff]
[    0.696553] pci 0000:00:17.5:   bridge window [mem 0xdd200000-0xdd2fffff 64bit pref]
[    0.696801] pci 0000:00:17.6: PCI bridge to [bus 19]
[    0.696953] pci 0000:00:17.6:   bridge window [mem 0xd3e00000-0xd3efffff]
[    0.697108] pci 0000:00:17.6:   bridge window [mem 0xdd400000-0xdd4fffff 64bit pref]
[    0.697361] pci 0000:00:17.7: PCI bridge to [bus 1a]
[    0.698126] pci 0000:00:17.7:   bridge window [mem 0xd4200000-0xd42fffff]
[    0.698292] pci 0000:00:17.7:   bridge window [mem 0xdd600000-0xdd6fffff 64bit pref]
[    0.698544] pci 0000:00:18.0: PCI bridge to [bus 1b]
[    0.698677] pci 0000:00:18.0:   bridge window [io  0x7000-0x7fff]
[    0.698836] pci 0000:00:18.0:   bridge window [mem 0xd2700000-0xd27fffff]
[    0.699000] pci 0000:00:18.0:   bridge window [mem 0xd4700000-0xd47fffff 64bit pref]
[    0.699249] pci 0000:00:18.1: PCI bridge to [bus 1c]
[    0.699381] pci 0000:00:18.1:   bridge window [io  0xb000-0xbfff]
[    0.699541] pci 0000:00:18.1:   bridge window [mem 0xd2b00000-0xd2bfffff]
[    0.699704] pci 0000:00:18.1:   bridge window [mem 0xd4a00000-0xd4afffff 64bit pref]
[    0.699952] pci 0000:00:18.2: PCI bridge to [bus 1d]
[    0.700084] pci 0000:00:18.2:   bridge window [io  0xf000-0xfeff]
[    0.700243] pci 0000:00:18.2:   bridge window [mem 0xd2f00000-0xd2ffffff]
[    0.700408] pci 0000:00:18.2:   bridge window [mem 0xd4c00000-0xd4cfffff 64bit pref]
[    0.700659] pci 0000:00:18.3: PCI bridge to [bus 1e]
[    0.700810] pci 0000:00:18.3:   bridge window [mem 0xd3300000-0xd33fffff]
[    0.700966] pci 0000:00:18.3:   bridge window [mem 0xd4e00000-0xd4efffff 64bit pref]
[    0.701222] pci 0000:00:18.4: PCI bridge to [bus 1f]
[    0.701376] pci 0000:00:18.4:   bridge window [mem 0xd3700000-0xd37fffff]
[    0.701537] pci 0000:00:18.4:   bridge window [mem 0xd5000000-0xd50fffff 64bit pref]
[    0.701793] pci 0000:00:18.5: PCI bridge to [bus 20]
[    0.701969] pci 0000:00:18.5:   bridge window [mem 0xd3b00000-0xd3bfffff]
[    0.702133] pci 0000:00:18.5:   bridge window [mem 0xd5200000-0xd52fffff 64bit pref]
[    0.702384] pci 0000:00:18.6: PCI bridge to [bus 21]
[    0.702537] pci 0000:00:18.6:   bridge window [mem 0xd3f00000-0xd3ffffff]
[    0.702699] pci 0000:00:18.6:   bridge window [mem 0xd5400000-0xd54fffff 64bit pref]
[    0.702960] pci 0000:00:18.7: PCI bridge to [bus 22]
[    0.703119] pci 0000:00:18.7:   bridge window [mem 0xd4300000-0xd43fffff]
[    0.703275] pci 0000:00:18.7:   bridge window [mem 0xd5600000-0xd56fffff 64bit pref]
[    0.703526] pci_bus 0000:00: resource 4 [mem 0x000a0000-0x000bffff window]
[    0.703528] pci_bus 0000:00: resource 5 [mem 0x000cc000-0x000cffff window]
[    0.703530] pci_bus 0000:00: resource 6 [mem 0x000d0000-0x000d3fff window]
[    0.703532] pci_bus 0000:00: resource 7 [mem 0x000d4000-0x000d7fff window]
[    0.703533] pci_bus 0000:00: resource 8 [mem 0x000d8000-0x000dbfff window]
[    0.703535] pci_bus 0000:00: resource 9 [mem 0xc0000000-0xfebfffff window]
[    0.703537] pci_bus 0000:00: resource 10 [io  0x0000-0x0cf7 window]
[    0.703539] pci_bus 0000:00: resource 11 [io  0x0d00-0xfeff window]
[    0.703541] pci_bus 0000:02: resource 0 [io  0x2000-0x3fff]
[    0.703543] pci_bus 0000:02: resource 1 [mem 0xd1000000-0xd23fffff]
[    0.703544] pci_bus 0000:02: resource 2 [mem 0xdc400000-0xdc9fffff 64bit pref]
[    0.703546] pci_bus 0000:02: resource 4 [mem 0x000a0000-0x000bffff window]
[    0.703548] pci_bus 0000:02: resource 5 [mem 0x000cc000-0x000cffff window]
[    0.703549] pci_bus 0000:02: resource 6 [mem 0x000d0000-0x000d3fff window]
[    0.703551] pci_bus 0000:02: resource 7 [mem 0x000d4000-0x000d7fff window]
[    0.703552] pci_bus 0000:02: resource 8 [mem 0x000d8000-0x000dbfff window]
[    0.703554] pci_bus 0000:02: resource 9 [mem 0xc0000000-0xfebfffff window]
[    0.703556] pci_bus 0000:02: resource 10 [io  0x0000-0x0cf7 window]
[    0.703557] pci_bus 0000:02: resource 11 [io  0x0d00-0xfeff window]
[    0.703559] pci_bus 0000:03: resource 0 [io  0x4000-0x4fff]
[    0.703561] pci_bus 0000:03: resource 1 [mem 0xd2400000-0xd24fffff]
[    0.703563] pci_bus 0000:03: resource 2 [mem 0xd4400000-0xd44fffff 64bit pref]
[    0.703565] pci_bus 0000:04: resource 0 [io  0x8000-0x8fff]
[    0.703566] pci_bus 0000:04: resource 1 [mem 0xd2800000-0xd28fffff]
[    0.703568] pci_bus 0000:04: resource 2 [mem 0xd4800000-0xd48fffff 64bit pref]
[    0.703569] pci_bus 0000:05: resource 0 [io  0xc000-0xcfff]
[    0.703571] pci_bus 0000:05: resource 1 [mem 0xd2c00000-0xd2cfffff]
[    0.703573] pci_bus 0000:05: resource 2 [mem 0xdcb00000-0xdcbfffff 64bit pref]
[    0.703574] pci_bus 0000:06: resource 1 [mem 0xd3000000-0xd30fffff]
[    0.703576] pci_bus 0000:06: resource 2 [mem 0xdcd00000-0xdcdfffff 64bit pref]
[    0.703578] pci_bus 0000:07: resource 1 [mem 0xd3400000-0xd34fffff]
[    0.703579] pci_bus 0000:07: resource 2 [mem 0xdcf00000-0xdcffffff 64bit pref]
[    0.703581] pci_bus 0000:08: resource 1 [mem 0xd3800000-0xd38fffff]
[    0.703582] pci_bus 0000:08: resource 2 [mem 0xdd100000-0xdd1fffff 64bit pref]
[    0.703584] pci_bus 0000:09: resource 1 [mem 0xd3c00000-0xd3cfffff]
[    0.703586] pci_bus 0000:09: resource 2 [mem 0xdd300000-0xdd3fffff 64bit pref]
[    0.703587] pci_bus 0000:0a: resource 1 [mem 0xd4000000-0xd40fffff]
[    0.703589] pci_bus 0000:0a: resource 2 [mem 0xdd500000-0xdd5fffff 64bit pref]
[    0.703591] pci_bus 0000:0b: resource 0 [io  0x5000-0x5fff]
[    0.703592] pci_bus 0000:0b: resource 1 [mem 0xd2500000-0xd25fffff]
[    0.703594] pci_bus 0000:0b: resource 2 [mem 0xd4500000-0xd45fffff 64bit pref]
[    0.703595] pci_bus 0000:0c: resource 0 [io  0x9000-0x9fff]
[    0.703597] pci_bus 0000:0c: resource 1 [mem 0xd2900000-0xd29fffff]
[    0.703598] pci_bus 0000:0c: resource 2 [mem 0xd4900000-0xd49fffff 64bit pref]
[    0.703600] pci_bus 0000:0d: resource 0 [io  0xd000-0xdfff]
[    0.703602] pci_bus 0000:0d: resource 1 [mem 0xd2d00000-0xd2dfffff]
[    0.703603] pci_bus 0000:0d: resource 2 [mem 0xd4b00000-0xd4bfffff 64bit pref]
[    0.703605] pci_bus 0000:0e: resource 1 [mem 0xd3100000-0xd31fffff]
[    0.703606] pci_bus 0000:0e: resource 2 [mem 0xd4d00000-0xd4dfffff 64bit pref]
[    0.703608] pci_bus 0000:0f: resource 1 [mem 0xd3500000-0xd35fffff]
[    0.703610] pci_bus 0000:0f: resource 2 [mem 0xd4f00000-0xd4ffffff 64bit pref]
[    0.703611] pci_bus 0000:10: resource 1 [mem 0xd3900000-0xd39fffff]
[    0.703613] pci_bus 0000:10: resource 2 [mem 0xd5100000-0xd51fffff 64bit pref]
[    0.703615] pci_bus 0000:11: resource 1 [mem 0xd3d00000-0xd3dfffff]
[    0.703616] pci_bus 0000:11: resource 2 [mem 0xd5300000-0xd53fffff 64bit pref]
[    0.703618] pci_bus 0000:12: resource 1 [mem 0xd4100000-0xd41fffff]
[    0.703620] pci_bus 0000:12: resource 2 [mem 0xd5500000-0xd55fffff 64bit pref]
[    0.703622] pci_bus 0000:13: resource 0 [io  0x6000-0x6fff]
[    0.703623] pci_bus 0000:13: resource 1 [mem 0xd2600000-0xd26fffff]
[    0.703625] pci_bus 0000:13: resource 2 [mem 0xd4600000-0xd46fffff 64bit pref]
[    0.703626] pci_bus 0000:14: resource 0 [io  0xa000-0xafff]
[    0.703628] pci_bus 0000:14: resource 1 [mem 0xd2a00000-0xd2afffff]
[    0.703629] pci_bus 0000:14: resource 2 [mem 0xdca00000-0xdcafffff 64bit pref]
[    0.703631] pci_bus 0000:15: resource 0 [io  0xe000-0xefff]
[    0.703633] pci_bus 0000:15: resource 1 [mem 0xd2e00000-0xd2efffff]
[    0.703634] pci_bus 0000:15: resource 2 [mem 0xdcc00000-0xdccfffff 64bit pref]
[    0.703636] pci_bus 0000:16: resource 1 [mem 0xd3200000-0xd32fffff]
[    0.703637] pci_bus 0000:16: resource 2 [mem 0xdce00000-0xdcefffff 64bit pref]
[    0.703639] pci_bus 0000:17: resource 1 [mem 0xd3600000-0xd36fffff]
[    0.703641] pci_bus 0000:17: resource 2 [mem 0xdd000000-0xdd0fffff 64bit pref]
[    0.703642] pci_bus 0000:18: resource 1 [mem 0xd3a00000-0xd3afffff]
[    0.703644] pci_bus 0000:18: resource 2 [mem 0xdd200000-0xdd2fffff 64bit pref]
[    0.703645] pci_bus 0000:19: resource 1 [mem 0xd3e00000-0xd3efffff]
[    0.703647] pci_bus 0000:19: resource 2 [mem 0xdd400000-0xdd4fffff 64bit pref]
[    0.703649] pci_bus 0000:1a: resource 1 [mem 0xd4200000-0xd42fffff]
[    0.703650] pci_bus 0000:1a: resource 2 [mem 0xdd600000-0xdd6fffff 64bit pref]
[    0.703652] pci_bus 0000:1b: resource 0 [io  0x7000-0x7fff]
[    0.703653] pci_bus 0000:1b: resource 1 [mem 0xd2700000-0xd27fffff]
[    0.703655] pci_bus 0000:1b: resource 2 [mem 0xd4700000-0xd47fffff 64bit pref]
[    0.703656] pci_bus 0000:1c: resource 0 [io  0xb000-0xbfff]
[    0.703658] pci_bus 0000:1c: resource 1 [mem 0xd2b00000-0xd2bfffff]
[    0.703660] pci_bus 0000:1c: resource 2 [mem 0xd4a00000-0xd4afffff 64bit pref]
[    0.703661] pci_bus 0000:1d: resource 0 [io  0xf000-0xfeff]
[    0.703663] pci_bus 0000:1d: resource 1 [mem 0xd2f00000-0xd2ffffff]
[    0.703664] pci_bus 0000:1d: resource 2 [mem 0xd4c00000-0xd4cfffff 64bit pref]
[    0.703666] pci_bus 0000:1e: resource 1 [mem 0xd3300000-0xd33fffff]
[    0.703667] pci_bus 0000:1e: resource 2 [mem 0xd4e00000-0xd4efffff 64bit pref]
[    0.703669] pci_bus 0000:1f: resource 1 [mem 0xd3700000-0xd37fffff]
[    0.703671] pci_bus 0000:1f: resource 2 [mem 0xd5000000-0xd50fffff 64bit pref]
[    0.703673] pci_bus 0000:20: resource 1 [mem 0xd3b00000-0xd3bfffff]
[    0.703674] pci_bus 0000:20: resource 2 [mem 0xd5200000-0xd52fffff 64bit pref]
[    0.703676] pci_bus 0000:21: resource 1 [mem 0xd3f00000-0xd3ffffff]
[    0.703678] pci_bus 0000:21: resource 2 [mem 0xd5400000-0xd54fffff 64bit pref]
[    0.703679] pci_bus 0000:22: resource 1 [mem 0xd4300000-0xd43fffff]
[    0.703681] pci_bus 0000:22: resource 2 [mem 0xd5600000-0xd56fffff 64bit pref]
[    0.703734] NET: Registered protocol family 2
[    0.704088] TCP established hash table entries: 131072 (order: 8, 1048576 bytes)
[    0.705148] TCP bind hash table entries: 65536 (order: 8, 1048576 bytes)
[    0.705427] TCP: Hash tables configured (established 131072 bind 65536)
[    0.705599] UDP hash table entries: 8192 (order: 6, 262144 bytes)
[    0.705793] UDP-Lite hash table entries: 8192 (order: 6, 262144 bytes)
[    0.706033] NET: Registered protocol family 1
[    0.706165] pci 0000:00:00.0: Limiting direct PCI/PCI transfers
[    0.706384] pci 0000:00:0f.0: Video device with shadowed ROM
[    0.706790] PCI: CLS mismatch (32 != 64), using 64 bytes
[    0.706860] Trying to unpack rootfs image as initramfs...
[    1.351412] Freeing initrd memory: 34876K (ffff880033bd2000 - ffff880035de1000)
[    1.351638] PCI-DMA: Using software bounce buffering for IO (SWIOTLB)
[    1.351771] software IO TLB [mem 0xbbee0000-0xbfee0000] (64MB) mapped at [ffff8800bbee0000-ffff8800bfedffff]
[    1.352049] RAPL PMU detected, API unit is 2^-32 Joules, 3 fixed counters 10737418240 ms ovfl timer
[    1.352258] hw unit of domain pp0-core 2^-0 Joules
[    1.352376] hw unit of domain package 2^-0 Joules
[    1.352497] hw unit of domain dram 2^-0 Joules
[    1.352623] clocksource: tsc: mask: 0xffffffffffffffff max_cycles: 0x39a85c9bff6, max_idle_ns: 881590591483 ns
[    1.352908] clocksource: Switched to clocksource tsc
[    1.353098] Scanning for low memory corruption every 60 seconds
[    1.354377] futex hash table entries: 1024 (order: 4, 65536 bytes)
[    1.354536] audit: initializing netlink subsys (disabled)
[    1.354678] audit: type=2000 audit(1465888567.210:1): initialized
[    1.355162] Initialise system trusted keyring
[    1.355471] HugeTLB registered 2 MB page size, pre-allocated 0 pages
[    1.357238] zbud: loaded
[    1.357612] VFS: Disk quotas dquot_6.6.0
[    1.357762] VFS: Dquot-cache hash table entries: 512 (order 0, 4096 bytes)
[    1.358522] fuse init (API version 7.23)
[    1.358799] Key type big_key registered
[    1.358934] Allocating IMA MOK and blacklist keyrings.
[    1.360091] Key type asymmetric registered
[    1.361239] Asymmetric key parser 'x509' registered
[    1.361539] Block layer SCSI generic (bsg) driver version 0.4 loaded (major 249)
[    1.361986] io scheduler noop registered
[    1.362111] io scheduler deadline registered (default)
[    1.362278] io scheduler cfq registered
[    1.380176] pcieport 0000:00:15.0: Signaling PME through PCIe PME interrupt
[    1.380341] pcie_pme 0000:00:15.0:pcie01: service driver pcie_pme loaded
[    1.380514] pcieport 0000:00:15.1: Signaling PME through PCIe PME interrupt
[    1.380674] pcie_pme 0000:00:15.1:pcie01: service driver pcie_pme loaded
[    1.380843] pcieport 0000:00:15.2: Signaling PME through PCIe PME interrupt
[    1.381004] pcie_pme 0000:00:15.2:pcie01: service driver pcie_pme loaded
[    1.381164] pcieport 0000:00:15.3: Signaling PME through PCIe PME interrupt
[    1.381323] pcie_pme 0000:00:15.3:pcie01: service driver pcie_pme loaded
[    1.381490] pcieport 0000:00:15.4: Signaling PME through PCIe PME interrupt
[    1.381650] pcie_pme 0000:00:15.4:pcie01: service driver pcie_pme loaded
[    1.381810] pcieport 0000:00:15.5: Signaling PME through PCIe PME interrupt
[    1.381994] pcie_pme 0000:00:15.5:pcie01: service driver pcie_pme loaded
[    1.382156] pcieport 0000:00:15.6: Signaling PME through PCIe PME interrupt
[    1.382316] pcie_pme 0000:00:15.6:pcie01: service driver pcie_pme loaded
[    1.382476] pcieport 0000:00:15.7: Signaling PME through PCIe PME interrupt
[    1.382636] pcie_pme 0000:00:15.7:pcie01: service driver pcie_pme loaded
[    1.382797] pcieport 0000:00:16.0: Signaling PME through PCIe PME interrupt
[    1.382958] pcie_pme 0000:00:16.0:pcie01: service driver pcie_pme loaded
[    1.383119] pcieport 0000:00:16.1: Signaling PME through PCIe PME interrupt
[    1.383279] pcie_pme 0000:00:16.1:pcie01: service driver pcie_pme loaded
[    1.383440] pcieport 0000:00:16.2: Signaling PME through PCIe PME interrupt
[    1.383600] pcie_pme 0000:00:16.2:pcie01: service driver pcie_pme loaded
[    1.383767] pcieport 0000:00:16.3: Signaling PME through PCIe PME interrupt
[    1.383926] pcie_pme 0000:00:16.3:pcie01: service driver pcie_pme loaded
[    1.384085] pcieport 0000:00:16.4: Signaling PME through PCIe PME interrupt
[    1.384245] pcie_pme 0000:00:16.4:pcie01: service driver pcie_pme loaded
[    1.384415] pcieport 0000:00:16.5: Signaling PME through PCIe PME interrupt
[    1.384575] pcie_pme 0000:00:16.5:pcie01: service driver pcie_pme loaded
[    1.384735] pcieport 0000:00:16.6: Signaling PME through PCIe PME interrupt
[    1.384895] pcie_pme 0000:00:16.6:pcie01: service driver pcie_pme loaded
[    1.385056] pcieport 0000:00:16.7: Signaling PME through PCIe PME interrupt
[    1.385216] pcie_pme 0000:00:16.7:pcie01: service driver pcie_pme loaded
[    1.385375] pcieport 0000:00:17.0: Signaling PME through PCIe PME interrupt
[    1.385536] pcie_pme 0000:00:17.0:pcie01: service driver pcie_pme loaded
[    1.385696] pcieport 0000:00:17.1: Signaling PME through PCIe PME interrupt
[    1.385856] pcie_pme 0000:00:17.1:pcie01: service driver pcie_pme loaded
[    1.386029] pcieport 0000:00:17.2: Signaling PME through PCIe PME interrupt
[    1.386192] pcie_pme 0000:00:17.2:pcie01: service driver pcie_pme loaded
[    1.386352] pcieport 0000:00:17.3: Signaling PME through PCIe PME interrupt
[    1.386511] pcie_pme 0000:00:17.3:pcie01: service driver pcie_pme loaded
[    1.386671] pcieport 0000:00:17.4: Signaling PME through PCIe PME interrupt
[    1.386830] pcie_pme 0000:00:17.4:pcie01: service driver pcie_pme loaded
[    1.386989] pcieport 0000:00:17.5: Signaling PME through PCIe PME interrupt
[    1.387148] pcie_pme 0000:00:17.5:pcie01: service driver pcie_pme loaded
[    1.387307] pcieport 0000:00:17.6: Signaling PME through PCIe PME interrupt
[    1.387473] pcie_pme 0000:00:17.6:pcie01: service driver pcie_pme loaded
[    1.387642] pcieport 0000:00:17.7: Signaling PME through PCIe PME interrupt
[    1.387801] pcie_pme 0000:00:17.7:pcie01: service driver pcie_pme loaded
[    1.387960] pcieport 0000:00:18.0: Signaling PME through PCIe PME interrupt
[    1.388119] pcie_pme 0000:00:18.0:pcie01: service driver pcie_pme loaded
[    1.388286] pcieport 0000:00:18.1: Signaling PME through PCIe PME interrupt
[    1.388446] pcie_pme 0000:00:18.1:pcie01: service driver pcie_pme loaded
[    1.388608] pcieport 0000:00:18.2: Signaling PME through PCIe PME interrupt
[    1.389415] pcie_pme 0000:00:18.2:pcie01: service driver pcie_pme loaded
[    1.389577] pcieport 0000:00:18.3: Signaling PME through PCIe PME interrupt
[    1.389736] pcie_pme 0000:00:18.3:pcie01: service driver pcie_pme loaded
[    1.389895] pcieport 0000:00:18.4: Signaling PME through PCIe PME interrupt
[    1.390070] pcie_pme 0000:00:18.4:pcie01: service driver pcie_pme loaded
[    1.390231] pcieport 0000:00:18.5: Signaling PME through PCIe PME interrupt
[    1.390391] pcie_pme 0000:00:18.5:pcie01: service driver pcie_pme loaded
[    1.390558] pcieport 0000:00:18.6: Signaling PME through PCIe PME interrupt
[    1.390717] pcie_pme 0000:00:18.6:pcie01: service driver pcie_pme loaded
[    1.390876] pcieport 0000:00:18.7: Signaling PME through PCIe PME interrupt
[    1.391034] pcie_pme 0000:00:18.7:pcie01: service driver pcie_pme loaded
[    1.391043] pci_hotplug: PCI Hot Plug PCI Core version: 0.5
[    1.391209] pciehp 0000:00:15.0:pcie04: Slot #160 AttnBtn+ PwrCtrl+ MRL- AttnInd- PwrInd- HotPlug+ Surprise- Interlock- NoCompl+ LLActRep+
[    1.391533] pciehp 0000:00:15.0:pcie04: service driver pciehp loaded
[    1.391573] pciehp 0000:00:15.1:pcie04: Slot #161 AttnBtn+ PwrCtrl+ MRL- AttnInd- PwrInd- HotPlug+ Surprise- Interlock- NoCompl+ LLActRep+
[    1.391880] pciehp 0000:00:15.1:pcie04: service driver pciehp loaded
[    1.391917] pciehp 0000:00:15.2:pcie04: Slot #162 AttnBtn+ PwrCtrl+ MRL- AttnInd- PwrInd- HotPlug+ Surprise- Interlock- NoCompl+ LLActRep+
[    1.392223] pciehp 0000:00:15.2:pcie04: service driver pciehp loaded
[    1.392261] pciehp 0000:00:15.3:pcie04: Slot #163 AttnBtn+ PwrCtrl+ MRL- AttnInd- PwrInd- HotPlug+ Surprise- Interlock- NoCompl+ LLActRep+
[    1.392571] pciehp 0000:00:15.3:pcie04: service driver pciehp loaded
[    1.392608] pciehp 0000:00:15.4:pcie04: Slot #164 AttnBtn+ PwrCtrl+ MRL- AttnInd- PwrInd- HotPlug+ Surprise- Interlock- NoCompl+ LLActRep+
[    1.394551] pciehp 0000:00:15.4:pcie04: service driver pciehp loaded
[    1.394589] pciehp 0000:00:15.5:pcie04: Slot #165 AttnBtn+ PwrCtrl+ MRL- AttnInd- PwrInd- HotPlug+ Surprise- Interlock- NoCompl+ LLActRep+
[    1.394899] pciehp 0000:00:15.5:pcie04: service driver pciehp loaded
[    1.394936] pciehp 0000:00:15.6:pcie04: Slot #166 AttnBtn+ PwrCtrl+ MRL- AttnInd- PwrInd- HotPlug+ Surprise- Interlock- NoCompl+ LLActRep+
[    1.395244] pciehp 0000:00:15.6:pcie04: service driver pciehp loaded
[    1.395281] pciehp 0000:00:15.7:pcie04: Slot #167 AttnBtn+ PwrCtrl+ MRL- AttnInd- PwrInd- HotPlug+ Surprise- Interlock- NoCompl+ LLActRep+
[    1.395599] pciehp 0000:00:15.7:pcie04: service driver pciehp loaded
[    1.395636] pciehp 0000:00:16.0:pcie04: Slot #192 AttnBtn+ PwrCtrl+ MRL- AttnInd- PwrInd- HotPlug+ Surprise- Interlock- NoCompl+ LLActRep+
[    1.395955] pciehp 0000:00:16.0:pcie04: service driver pciehp loaded
[    1.396009] pciehp 0000:00:16.1:pcie04: Slot #193 AttnBtn+ PwrCtrl+ MRL- AttnInd- PwrInd- HotPlug+ Surprise- Interlock- NoCompl+ LLActRep+
[    1.396322] pciehp 0000:00:16.1:pcie04: service driver pciehp loaded
[    1.396361] pciehp 0000:00:16.2:pcie04: Slot #194 AttnBtn+ PwrCtrl+ MRL- AttnInd- PwrInd- HotPlug+ Surprise- Interlock- NoCompl+ LLActRep+
[    1.396671] pciehp 0000:00:16.2:pcie04: service driver pciehp loaded
[    1.396709] pciehp 0000:00:16.3:pcie04: Slot #195 AttnBtn+ PwrCtrl+ MRL- AttnInd- PwrInd- HotPlug+ Surprise- Interlock- NoCompl+ LLActRep+
[    1.397015] pciehp 0000:00:16.3:pcie04: service driver pciehp loaded
[    1.397052] pciehp 0000:00:16.4:pcie04: Slot #196 AttnBtn+ PwrCtrl+ MRL- AttnInd- PwrInd- HotPlug+ Surprise- Interlock- NoCompl+ LLActRep+
[    1.397355] pciehp 0000:00:16.4:pcie04: service driver pciehp loaded
[    1.397392] pciehp 0000:00:16.5:pcie04: Slot #197 AttnBtn+ PwrCtrl+ MRL- AttnInd- PwrInd- HotPlug+ Surprise- Interlock- NoCompl+ LLActRep+
[    1.397704] pciehp 0000:00:16.5:pcie04: service driver pciehp loaded
[    1.397742] pciehp 0000:00:16.6:pcie04: Slot #198 AttnBtn+ PwrCtrl+ MRL- AttnInd- PwrInd- HotPlug+ Surprise- Interlock- NoCompl+ LLActRep+
[    1.398067] pciehp 0000:00:16.6:pcie04: service driver pciehp loaded
[    1.398104] pciehp 0000:00:16.7:pcie04: Slot #199 AttnBtn+ PwrCtrl+ MRL- AttnInd- PwrInd- HotPlug+ Surprise- Interlock- NoCompl+ LLActRep+
[    1.398418] pciehp 0000:00:16.7:pcie04: service driver pciehp loaded
[    1.398455] pciehp 0000:00:17.0:pcie04: Slot #224 AttnBtn+ PwrCtrl+ MRL- AttnInd- PwrInd- HotPlug+ Surprise- Interlock- NoCompl+ LLActRep+
[    1.398761] pciehp 0000:00:17.0:pcie04: service driver pciehp loaded
[    1.398798] pciehp 0000:00:17.1:pcie04: Slot #225 AttnBtn+ PwrCtrl+ MRL- AttnInd- PwrInd- HotPlug+ Surprise- Interlock- NoCompl+ LLActRep+
[    1.399103] pciehp 0000:00:17.1:pcie04: service driver pciehp loaded
[    1.399140] pciehp 0000:00:17.2:pcie04: Slot #226 AttnBtn+ PwrCtrl+ MRL- AttnInd- PwrInd- HotPlug+ Surprise- Interlock- NoCompl+ LLActRep+
[    1.399445] pciehp 0000:00:17.2:pcie04: service driver pciehp loaded
[    1.399481] pciehp 0000:00:17.3:pcie04: Slot #227 AttnBtn+ PwrCtrl+ MRL- AttnInd- PwrInd- HotPlug+ Surprise- Interlock- NoCompl+ LLActRep+
[    1.399784] pciehp 0000:00:17.3:pcie04: service driver pciehp loaded
[    1.399821] pciehp 0000:00:17.4:pcie04: Slot #228 AttnBtn+ PwrCtrl+ MRL- AttnInd- PwrInd- HotPlug+ Surprise- Interlock- NoCompl+ LLActRep+
[    1.400124] pciehp 0000:00:17.4:pcie04: service driver pciehp loaded
[    1.400160] pciehp 0000:00:17.5:pcie04: Slot #229 AttnBtn+ PwrCtrl+ MRL- AttnInd- PwrInd- HotPlug+ Surprise- Interlock- NoCompl+ LLActRep+
[    1.400469] pciehp 0000:00:17.5:pcie04: service driver pciehp loaded
[    1.400513] pciehp 0000:00:17.6:pcie04: Slot #230 AttnBtn+ PwrCtrl+ MRL- AttnInd- PwrInd- HotPlug+ Surprise- Interlock- NoCompl+ LLActRep+
[    1.400818] pciehp 0000:00:17.6:pcie04: service driver pciehp loaded
[    1.400855] pciehp 0000:00:17.7:pcie04: Slot #231 AttnBtn+ PwrCtrl+ MRL- AttnInd- PwrInd- HotPlug+ Surprise- Interlock- NoCompl+ LLActRep+
[    1.401160] pciehp 0000:00:17.7:pcie04: service driver pciehp loaded
[    1.401196] pciehp 0000:00:18.0:pcie04: Slot #256 AttnBtn+ PwrCtrl+ MRL- AttnInd- PwrInd- HotPlug+ Surprise- Interlock- NoCompl+ LLActRep+
[    1.401501] pciehp 0000:00:18.0:pcie04: service driver pciehp loaded
[    1.401549] pciehp 0000:00:18.1:pcie04: Slot #257 AttnBtn+ PwrCtrl+ MRL- AttnInd- PwrInd- HotPlug+ Surprise- Interlock- NoCompl+ LLActRep+
[    1.401876] pciehp 0000:00:18.1:pcie04: service driver pciehp loaded
[    1.401914] pciehp 0000:00:18.2:pcie04: Slot #258 AttnBtn+ PwrCtrl+ MRL- AttnInd- PwrInd- HotPlug+ Surprise- Interlock- NoCompl+ LLActRep+
[    1.402243] pciehp 0000:00:18.2:pcie04: service driver pciehp loaded
[    1.402280] pciehp 0000:00:18.3:pcie04: Slot #259 AttnBtn+ PwrCtrl+ MRL- AttnInd- PwrInd- HotPlug+ Surprise- Interlock- NoCompl+ LLActRep+
[    1.402596] pciehp 0000:00:18.3:pcie04: service driver pciehp loaded
[    1.402632] pciehp 0000:00:18.4:pcie04: Slot #260 AttnBtn+ PwrCtrl+ MRL- AttnInd- PwrInd- HotPlug+ Surprise- Interlock- NoCompl+ LLActRep+
[    1.402937] pciehp 0000:00:18.4:pcie04: service driver pciehp loaded
[    1.402974] pciehp 0000:00:18.5:pcie04: Slot #261 AttnBtn+ PwrCtrl+ MRL- AttnInd- PwrInd- HotPlug+ Surprise- Interlock- NoCompl+ LLActRep+
[    1.403906] pciehp 0000:00:18.5:pcie04: service driver pciehp loaded
[    1.403943] pciehp 0000:00:18.6:pcie04: Slot #262 AttnBtn+ PwrCtrl+ MRL- AttnInd- PwrInd- HotPlug+ Surprise- Interlock- NoCompl+ LLActRep+
[    1.404250] pciehp 0000:00:18.6:pcie04: service driver pciehp loaded
[    1.404287] pciehp 0000:00:18.7:pcie04: Slot #263 AttnBtn+ PwrCtrl+ MRL- AttnInd- PwrInd- HotPlug+ Surprise- Interlock- NoCompl+ LLActRep+
[    1.404592] pciehp 0000:00:18.7:pcie04: service driver pciehp loaded
[    1.404598] pciehp: PCI Express Hot Plug Controller Driver version: 0.4
[    1.404773] intel_idle: does not run on family 6 model 45
[    1.404968] ACPI: AC Adapter [ACAD] (on-line)
[    1.405166] input: Power Button as /devices/LNXSYSTM:00/LNXPWRBN:00/input/input0
[    1.405366] ACPI: Power Button [PWRF]
[    1.406092] GHES: HEST is not enabled!
[    1.406367] Serial: 8250/16550 driver, 32 ports, IRQ sharing enabled
[    1.431630] 00:06: ttyS0 at I/O 0x3f8 (irq = 4, base_baud = 115200) is a 16550A
[    1.456931] 00:07: ttyS1 at I/O 0x2f8 (irq = 3, base_baud = 115200) is a 16550A
[    1.459702] Linux agpgart interface v0.103
[    1.459938] agpgart-intel 0000:00:00.0: Intel 440BX Chipset
[    1.460996] agpgart-intel 0000:00:00.0: AGP aperture is 256M @ 0x0
[    1.467041] brd: module loaded
[    1.469135] loop: module loaded
[    1.469407] ata_piix 0000:00:07.1: version 2.13
[    1.470184] scsi host0: ata_piix
[    1.470521] scsi host1: ata_piix
[    1.470667] ata1: PATA max UDMA/33 cmd 0x1f0 ctl 0x3f6 bmdma 0x10c0 irq 14
[    1.470803] ata2: PATA max UDMA/33 cmd 0x170 ctl 0x376 bmdma 0x10c8 irq 15
[    1.471061] libphy: Fixed MDIO Bus: probed
[    1.471181] tun: Universal TUN/TAP device driver, 1.6
[    1.471302] tun: (C) 1999-2004 Max Krasnyansky <maxk@qualcomm.com>
[    1.471631] PPP generic driver version 2.4.2
[    1.471834] ehci_hcd: USB 2.0 'Enhanced' Host Controller (EHCI) Driver
[    1.471974] ehci-pci: EHCI PCI platform driver
[    1.472104] ehci-platform: EHCI generic platform driver
[    1.472238] ohci_hcd: USB 1.1 'Open' Host Controller (OHCI) Driver
[    1.472372] ohci-pci: OHCI PCI platform driver
[    1.472505] ohci-platform: OHCI generic platform driver
[    1.472636] uhci_hcd: USB Universal Host Controller Interface driver
[    1.472836] i8042: PNP: PS/2 Controller [PNP0303:KBC,PNP0f13:MOUS] at 0x60,0x64 irq 1,12
[    1.474107] serio: i8042 KBD port at 0x60,0x64 irq 1
[    1.474234] serio: i8042 AUX port at 0x60,0x64 irq 12
[    1.474526] mousedev: PS/2 mouse device common for all mice
[    1.495457] rtc_cmos 00:01: rtc core: registered rtc_cmos as rtc0
[    1.495836] rtc_cmos 00:01: alarms up to one month, y3k, 114 bytes nvram, hpet irqs
[    1.496104] i2c /dev entries driver
[    1.496361] device-mapper: uevent: version 1.0.3
[    1.496610] input: AT Translated Set 2 keyboard as /devices/platform/i8042/serio0/input/input1
[    1.496709] device-mapper: ioctl: 4.34.0-ioctl (2015-10-28) initialised: dm-devel@redhat.com
[    1.496736] ledtrig-cpu: registered to indicate activity on CPUs
[    1.497244] NET: Registered protocol family 10
[    1.497674] NET: Registered protocol family 17
[    1.497808] Key type dns_resolver registered
[    1.498171] microcode: CPU0 sig=0x206d7, pf=0x1, revision=0x70d
[    1.498328] microcode: CPU1 sig=0x206d7, pf=0x1, revision=0x70d
[    1.498479] microcode: CPU2 sig=0x206d7, pf=0x1, revision=0x70d
[    1.498815] microcode: CPU3 sig=0x206d7, pf=0x1, revision=0x70d
[    1.499008] microcode: Microcode Update Driver: v2.01 <tigran@aivazian.fsnet.co.uk>, Peter Oruba
[    1.499464] registered taskstats version 1
[    1.499602] Loading compiled-in X.509 certificates
[    1.500733] Loaded X.509 cert 'Build time autogenerated kernel key: 73e2b8be326740e2e7feadd5601517c5df343108'
[    1.500973] zswap: loaded using pool lzo/zbud
[    1.503821] Key type trusted registered
[    1.508775] Key type encrypted registered
[    1.508966] AppArmor: AppArmor sha1 policy hashing enabled
[    1.509208] ima: No TPM chip found, activating TPM-bypass!
[    1.509497] evm: HMAC attrs: 0x1
[    1.512851]   Magic number: 4:511:268
[    1.512998] pciehp 0000:00:15.0:pcie04: hash matches
[    1.513350] rtc_cmos 00:01: setting system clock to 2016-06-14 07:16:07 UTC (1465888567)
[    1.513766] BIOS EDD facility v0.16 2004-Jun-25, 0 devices found
[    1.513897] EDD information not available.
[    1.514101] PM: Hibernation image not present or could not be loaded.
[    1.658823] ata2.00: ATAPI: VMware Virtual IDE CDROM Drive, 00000001, max UDMA/33
[    1.666260] ata2.00: configured for UDMA/33
[    1.667191] scsi 1:0:0:0: CD-ROM            NECVMWar VMware IDE CDR10 1.00 PQ: 0 ANSI: 5
[    1.668145] sr 1:0:0:0: [sr0] scsi3-mmc drive: 1x/1x writer dvd-ram cd/rw xa/form2 cdda tray
[    1.668362] cdrom: Uniform CD-ROM driver Revision: 3.20
[    1.668677] sr 1:0:0:0: Attached scsi CD-ROM sr0
[    1.668777] sr 1:0:0:0: Attached scsi generic sg0 type 5
[    1.670763] Freeing unused kernel memory: 1480K (ffffffff81f41000 - ffffffff820b3000)
[    1.671127] Write protecting the kernel read-only data: 14336k
[    1.672097] Freeing unused kernel memory: 1868K (ffff88000182d000 - ffff880001a00000)
[    1.672797] Freeing unused kernel memory: 176K (ffff880001dd4000 - ffff880001e00000)
[    1.687920] random: systemd-udevd urandom read with 4 bits of entropy available
[    1.735291] FUJITSU Extended Socket Network Device Driver - version 1.0 - Copyright (c) 2015 FUJITSU LIMITED
[    1.741975] Floppy drive(s): fd0 is 1.44M
[    1.759323] FDC 0 is a post-1991 82077
[    1.765822] e1000: Intel(R) PRO/1000 Network Driver - version 7.3.21-k8-NAPI
[    1.765989] e1000: Copyright (c) 1999-2006 Intel Corporation.
[    1.767619] Fusion MPT base driver 3.04.20
[    1.767793] Copyright (c) 1999-2008 LSI Corporation
[    1.772910] Fusion MPT SPI Host driver 3.04.20
[    1.774334] mptbase: ioc0: Initiating bringup
[    1.775510] [drm] Initialized drm 1.1.0 20060810
[    1.781620] input: VirtualPS/2 VMware VMMouse as /devices/platform/i8042/serio1/input/input4
[    1.782337] input: VirtualPS/2 VMware VMMouse as /devices/platform/i8042/serio1/input/input3
[    1.797549] AVX version of gcm_enc/dec engaged.
[    1.797683] AES CTR mode by8 optimization enabled
[    1.846297] ioc0: LSI53C1030 B0: Capabilities={Initiator}
[    2.007390] scsi host2: ioc0: LSI53C1030 B0, FwRev=01032920h, Ports=1, MaxQ=128, IRQ=17
[    2.134376] scsi 2:0:0:0: Direct-Access     VMware   Virtual disk     1.0  PQ: 0 ANSI: 2
[    2.134611] scsi target2:0:0: Beginning Domain Validation
[    2.135077] [drm] DMA map mode: Using physical TTM page addresses.
[    2.135354] [drm] Capabilities:
[    2.135496] [drm]   Rect copy.
[    2.135550] scsi target2:0:0: Domain Validation skipping write tests
[    2.135551] scsi target2:0:0: Ending Domain Validation
[    2.135603] scsi target2:0:0: FAST-40 WIDE SCSI 80.0 MB/s ST (25 ns, offset 127)
[    2.136113] [drm]   Cursor.
[    2.136216] [drm]   Cursor bypass.
[    2.136324] [drm]   Cursor bypass 2.
[    2.136436] [drm]   8bit emulation.
[    2.139723] [drm]   Alpha cursor.
[    2.139863] [drm]   Extended Fifo.
[    2.139998] [drm]   Multimon.
[    2.140128] [drm]   Pitchlock.
[    2.140259] [drm]   Irq mask.
[    2.140389] [drm]   Display Topology.
[    2.140530] [drm]   GMR.
[    2.140662] [drm]   Traces.
[    2.140791] [drm]   GMR2.
[    2.140918] [drm]   Screen Object 2.
[    2.141054] [drm] Max GMR ids is 64
[    2.141191] [drm] Max number of GMR pages is 65536
[    2.141343] [drm] Max dedicated hypervisor surface memory is 163840 kiB
[    2.141512] [drm] Maximum display memory size is 4096 kiB
[    2.141670] [drm] VRAM at 0xd8000000 size is 4096 kiB
[    2.141823] [drm] MMIO at 0xd0800000 size is 256 kiB
[    2.142010] [drm] global init.
[    2.142259] [TTM] Zone  kernel: Available graphics memory: 8216332 kiB
[    2.142431] [TTM] Zone   dma32: Available graphics memory: 2097152 kiB
[    2.142600] [TTM] Initializing pool allocator
[    2.142752] [TTM] Initializing DMA pool allocator
[    2.143090] [drm] Supports vblank timestamp caching Rev 2 (21.10.2013).
[    2.143264] [drm] No driver support for vblank timestamp query.
[    2.143924] [drm] Screen Objects Display Unit initialized
[    2.144197] [drm] width 640
[    2.144345] [drm] height 480
[    2.144499] [drm] bpp 32
[    2.149897] e1000 0000:02:00.0 eth0: (PCI:66MHz:32-bit) 00:0c:29:2d:67:93
[    2.150092] e1000 0000:02:00.0 eth0: Intel(R) PRO/1000 Network Connection
[    2.150183] [drm] Fifo max 0x00040000 min 0x00001000 cap 0x0000077f
[    2.150210] [drm] DX: no.
[    2.153640] fbcon: svgadrmfb (fb0) is primary device
[    2.154125] e1000 0000:02:00.0 ens32: renamed from eth0
[    2.159382] Console: switching to colour frame buffer device 100x37
[    2.160601] [drm] Initialized vmwgfx 2.9.0 20150810 for 0000:00:0f.0 on minor 0
[    2.164478] sd 2:0:0:0: Attached scsi generic sg1 type 0
[    2.164517] sd 2:0:0:0: [sda] 629145600 512-byte logical blocks: (322 GB/300 GiB)
[    2.164554] sd 2:0:0:0: [sda] Write Protect is off
[    2.164557] sd 2:0:0:0: [sda] Mode Sense: 61 00 00 00
[    2.164609] sd 2:0:0:0: [sda] Cache data unavailable
[    2.164645] sd 2:0:0:0: [sda] Assuming drive cache: write through
[    2.166689]  sda: sda1 sda2 < sda5 >
[    2.167280] sd 2:0:0:0: [sda] Attached SCSI disk
[    2.272610] md: linear personality registered for level -1
[    2.275330] md: multipath personality registered for level -4
[    2.278661] md: raid0 personality registered for level 0
[    2.282468] md: raid1 personality registered for level 1
[    2.353969] raid6: sse2x1   gen()  6041 MB/s
[    2.421950] raid6: sse2x1   xor()  4660 MB/s
[    2.489955] raid6: sse2x2   gen()  7075 MB/s
[    2.557999] raid6: sse2x2   xor()  5403 MB/s
[    2.625960] raid6: sse2x4   gen()  7976 MB/s
[    2.693961] raid6: sse2x4   xor()  6243 MB/s
[    2.694574] raid6: using algorithm sse2x4 gen() 7976 MB/s
[    2.695108] raid6: .... xor() 6243 MB/s, rmw enabled
[    2.695631] raid6: using ssse3x2 recovery algorithm
[    2.698044] xor: automatically using best checksumming function:
[    2.738052]    avx       : 14499.000 MB/sec
[    2.740964] async_tx: api initialized (async)
[    2.751160] md: raid6 personality registered for level 6
[    2.751762] md: raid5 personality registered for level 5
[    2.752353] md: raid4 personality registered for level 4
[    2.760801] md: raid10 personality registered for level 10
[    3.150794] Btrfs loaded
[    3.234006] blk_update_request: I/O error, dev fd0, sector 0
[    3.234645] floppy: error -5 while reading block 0
[    3.320755] EXT4-fs (dm-0): mounted filesystem with ordered data mode. Opts: (null)
[    3.750970] systemd[1]: systemd 229 running in system mode. (+PAM +AUDIT +SELINUX +IMA +APPARMOR +SMACK +SYSVINIT +UTMP +LIBCRYPTSETUP +GCRYPT +GNUTLS +ACL +XZ -LZ4 +SECCOMP +BLKID +ELFUTILS +KMOD -IDN)
[    3.753115] systemd[1]: Detected virtualization vmware.
[    3.753837] systemd[1]: Detected architecture x86-64.
[    3.757629] systemd[1]: Set hostname to <slave-1>.
[    3.982953] systemd[1]: Listening on udev Control Socket.
[    3.984734] systemd[1]: Set up automount Arbitrary Executable File Formats File System Automount Point.
[    3.987161] systemd[1]: Started Forward Password Requests to Wall Directory Watch.
[    3.988873] systemd[1]: Listening on udev Kernel Socket.
[    3.990908] systemd[1]: Created slice System Slice.
[    3.992626] systemd[1]: Listening on Device-mapper event daemon FIFOs.
[    3.994593] systemd[1]: Created slice system-systemd\x2dfsck.slice.
[    3.996501] systemd[1]: Created slice User and Session Slice.
[    3.998208] systemd[1]: Reached target Slices.
[    4.000122] systemd[1]: Created slice system-getty.slice.
[    4.001804] systemd[1]: Listening on Journal Audit Socket.
[    4.003464] systemd[1]: Listening on Journal Socket (/dev/log).
[    4.005038] systemd[1]: Listening on Syslog Socket.
[    4.006632] systemd[1]: Listening on /dev/initctl Compatibility Named Pipe.
[    4.008197] systemd[1]: Listening on fsck to fsckd communication Socket.
[    4.009852] systemd[1]: Listening on LVM2 poll daemon socket.
[    4.011480] systemd[1]: Listening on Journal Socket.
[    4.026081] systemd[1]: Mounting Huge Pages File System...
[    4.035355] systemd[1]: Starting Load Kernel Modules...
[    4.037873] systemd[1]: Starting Journal Service...
[    4.040614] systemd[1]: Starting Nameserver information manager...
[    4.042805] systemd[1]: Mounting Debug File System...
[    4.045178] systemd[1]: Starting Uncomplicated firewall...
[    4.047414] systemd[1]: Mounting POSIX Message Queue File System...
[    4.049592] systemd[1]: Starting Create list of required static device nodes for the current kernel...
[    4.051899] systemd[1]: Reached target User and Group Name Lookups.
[    4.053665] systemd[1]: Listening on LVM2 metadata daemon socket.
[    4.057426] systemd[1]: Starting Monitoring of LVM2 mirrors, snapshots etc. using dmeventd or progress polling...
[    4.061391] systemd[1]: Created slice system-systemd\x2dcryptsetup.slice.
[    4.117804] systemd[1]: Started Uncomplicated firewall.
[    4.126532] random: nonblocking pool is initialized
[    4.157128] systemd[1]: Started Create list of required static device nodes for the current kernel.
[    4.158997] Loading iSCSI transport class v2.0-870.
[    4.167542] iscsi: registered transport (tcp)
[    4.182221] systemd[1]: Starting Create Static Device Nodes in /dev...
[    4.188500] systemd[1]: Mounted Debug File System.
[    4.190319] systemd[1]: Mounted POSIX Message Queue File System.
[    4.192466] systemd[1]: Mounted Huge Pages File System.
[    4.200870] systemd[1]: Started Nameserver information manager.
[    4.230733] iscsi: registered transport (iser)
[    4.246183] systemd[1]: Started LVM2 metadata daemon.
[    4.248675] systemd[1]: Started Load Kernel Modules.
[    4.254526] systemd[1]: Mounting FUSE Control File System...
[    4.257115] systemd[1]: Starting Apply Kernel Variables...
[    4.260237] systemd[1]: Mounted FUSE Control File System.
[    4.277658] systemd[1]: Started Apply Kernel Variables.
[    4.281968] systemd[1]: Started Create Static Device Nodes in /dev.
[    4.298855] systemd[1]: Starting udev Kernel Device Manager...
[    4.360418] systemd[1]: Started Journal Service.
[    4.470055] EXT4-fs (dm-0): re-mounted. Opts: errors=remount-ro
[    4.538716] systemd-journald[426]: Received request to flush runtime journal from PID 1
[    4.590952] NET: Registered protocol family 23
[    4.613977] parport_pc 00:05: reported by Plug and Play ACPI
[    4.614305] parport0: PC-style at 0x378, irq 7 [PCSPP,TRISTATE]
[    4.631915] nsc-ircc, Found chip at base=0x02e
[    4.631947] nsc-ircc, Wrong chip version 00
[    4.752035] vmw_vmci 0000:00:07.7: Found VMCI PCI device at 0x11080, irq 16
[    4.752130] vmw_vmci 0000:00:07.7: Using capabilities 0xc
[    4.754692] Guest personality initialized and is active
[    4.754739] VMCI host device registered (name=vmci, major=10, minor=55)
[    4.754741] Initialized host personality
[    4.758575] shpchp: Standard Hot Plug PCI Controller Driver version: 0.4
[    4.808010] piix4_smbus 0000:00:07.3: SMBus Host Controller not enabled!
[    4.899918] intel_rapl: no valid rapl domains found in package 0
[    4.903294] ppdev: user-space parallel port driver
[    4.974713] intel_rapl: no valid rapl domains found in package 0
[    5.025375] intel_rapl: no valid rapl domains found in package 0
[    5.195997] EXT4-fs (sda1): mounting ext2 file system using the ext4 subsystem
[    5.198435] EXT4-fs (sda1): mounted filesystem without journal. Opts: (null)
[    5.227091] Adding 8383996k swap on /dev/mapper/cryptswap1.  Priority:-1 extents:1 across:8383996k FS
[    5.473009] audit: type=1400 audit(1465888571.456:2): apparmor="STATUS" operation="profile_load" profile="unconfined" name="/usr/bin/ubuntu-core-launcher" pid=825 comm="apparmor_parser"
[    5.473574] audit: type=1400 audit(1465888571.456:3): apparmor="STATUS" operation="profile_load" profile="unconfined" name="/usr/bin/lxc-start" pid=824 comm="apparmor_parser"
[    5.477998] audit: type=1400 audit(1465888571.464:4): apparmor="STATUS" operation="profile_load" profile="unconfined" name="lxc-container-default" pid=822 comm="apparmor_parser"
[    5.478008] audit: type=1400 audit(1465888571.464:5): apparmor="STATUS" operation="profile_load" profile="unconfined" name="lxc-container-default-cgns" pid=822 comm="apparmor_parser"
[    5.478014] audit: type=1400 audit(1465888571.464:6): apparmor="STATUS" operation="profile_load" profile="unconfined" name="lxc-container-default-with-mounting" pid=822 comm="apparmor_parser"
[    5.478019] audit: type=1400 audit(1465888571.464:7): apparmor="STATUS" operation="profile_load" profile="unconfined" name="lxc-container-default-with-nesting" pid=822 comm="apparmor_parser"
[    5.478528] audit: type=1400 audit(1465888571.464:8): apparmor="STATUS" operation="profile_load" profile="unconfined" name="/usr/lib/lxd/lxd-bridge-proxy" pid=826 comm="apparmor_parser"
[    5.483085] audit: type=1400 audit(1465888571.468:9): apparmor="STATUS" operation="profile_load" profile="unconfined" name="/sbin/dhclient" pid=823 comm="apparmor_parser"
